Component: Arm Compiler for Embedded 6.19 Tool: armlink [5e73cb00]

==============================================================================

Section Cross References

    startup_stm32f103xb.o(RESET) refers to startup_stm32f103xb.o(STACK) for __initial_sp
    startup_stm32f103xb.o(RESET) refers to startup_stm32f103xb.o(.text) for Reset_Handler
    startup_stm32f103xb.o(RESET) refers to stm32f1xx_it.o(.text.NMI_Handler) for NMI_Handler
    startup_stm32f103xb.o(RESET) refers to stm32f1xx_it.o(.text.HardFault_Handler) for HardFault_Handler
    startup_stm32f103xb.o(RESET) refers to stm32f1xx_it.o(.text.MemManage_Handler) for MemManage_Handler
    startup_stm32f103xb.o(RESET) refers to stm32f1xx_it.o(.text.BusFault_Handler) for BusFault_Handler
    startup_stm32f103xb.o(RESET) refers to stm32f1xx_it.o(.text.UsageFault_Handler) for UsageFault_Handler
    startup_stm32f103xb.o(RESET) refers to stm32f1xx_it.o(.text.SVC_Handler) for SVC_Handler
    startup_stm32f103xb.o(RESET) refers to stm32f1xx_it.o(.text.DebugMon_Handler) for DebugMon_Handler
    startup_stm32f103xb.o(RESET) refers to stm32f1xx_it.o(.text.PendSV_Handler) for PendSV_Handler
    startup_stm32f103xb.o(RESET) refers to stm32f1xx_it.o(.text.SysTick_Handler) for SysTick_Handler
    startup_stm32f103xb.o(RESET) refers to stm32f1xx_it.o(.text.TIM1_UP_IRQHandler) for TIM1_UP_IRQHandler
    startup_stm32f103xb.o(RESET) refers to stm32f1xx_it.o(.text.USART2_IRQHandler) for USART2_IRQHandler
    startup_stm32f103xb.o(.text) refers to system_stm32f1xx.o(.text.SystemInit) for SystemInit
    startup_stm32f103xb.o(.text) refers to entry.o(.ARM.Collect$$$$00000000) for __main
    main.o(.text.main) refers to stm32f1xx_hal.o(.text.HAL_Init) for HAL_Init
    main.o(.text.main) refers to stm32f1xx_hal_rcc.o(.text.HAL_RCC_OscConfig) for HAL_RCC_OscConfig
    main.o(.text.main) refers to stm32f1xx_hal_rcc.o(.text.HAL_RCC_ClockConfig) for HAL_RCC_ClockConfig
    main.o(.text.main) refers to gpio.o(.text.MX_GPIO_Init) for MX_GPIO_Init
    main.o(.text.main) refers to tim.o(.text.MX_TIM1_Init) for MX_TIM1_Init
    main.o(.text.main) refers to usart.o(.text.MX_USART1_UART_Init) for MX_USART1_UART_Init
    main.o(.text.main) refers to usart.o(.text.MX_USART2_UART_Init) for MX_USART2_UART_Init
    main.o(.text.main) refers to mpu6050.o(.text.MPU_Init) for MPU_Init
    main.o(.text.main) refers to inv_mpu.o(.text.mpu_dmp_init) for mpu_dmp_init
    main.o(.text.main) refers to puts.o(i.puts) for puts
    main.o(.text.main) refers to tim.o(.bss.htim1) for htim1
    main.o(.text.main) refers to stm32f1xx_hal_tim.o(.text.HAL_TIM_Base_Start_IT) for HAL_TIM_Base_Start_IT
    main.o(.text.main) refers to stm32f1xx_hal.o(.text.HAL_Delay) for HAL_Delay
    main.o(.text.main) refers to stm32f1xx_hal_gpio.o(.text.HAL_GPIO_TogglePin) for HAL_GPIO_TogglePin
    main.o(.ARM.exidx.text.main) refers to main.o(.text.main) for [Anonymous Symbol]
    main.o(.text.SystemClock_Config) refers to stm32f1xx_hal_rcc.o(.text.HAL_RCC_OscConfig) for HAL_RCC_OscConfig
    main.o(.text.SystemClock_Config) refers to stm32f1xx_hal_rcc.o(.text.HAL_RCC_ClockConfig) for HAL_RCC_ClockConfig
    main.o(.ARM.exidx.text.SystemClock_Config) refers to main.o(.text.SystemClock_Config) for [Anonymous Symbol]
    main.o(.ARM.exidx.text.Error_Handler) refers to main.o(.text.Error_Handler) for [Anonymous Symbol]
    main.o(.text.fputc) refers to usart.o(.bss.huart1) for huart1
    main.o(.text.fputc) refers to stm32f1xx_hal_uart.o(.text.HAL_UART_Transmit) for HAL_UART_Transmit
    main.o(.ARM.exidx.text.fputc) refers to main.o(.text.fputc) for [Anonymous Symbol]
    main.o(.text.HAL_TIM_PeriodElapsedCallback) refers to tim.o(.bss.htim1) for htim1
    main.o(.text.HAL_TIM_PeriodElapsedCallback) refers to main.o(.bss..L_MergedGlobals) for .L_MergedGlobals
    main.o(.text.HAL_TIM_PeriodElapsedCallback) refers to inv_mpu.o(.text.mpu_dmp_get_data) for mpu_dmp_get_data
    main.o(.text.HAL_TIM_PeriodElapsedCallback) refers to mpu6050.o(.text.MPU_Get_Accelerometer) for MPU_Get_Accelerometer
    main.o(.text.HAL_TIM_PeriodElapsedCallback) refers to dflti.o(.text) for __aeabi_i2d
    main.o(.text.HAL_TIM_PeriodElapsedCallback) refers to dmul.o(.text) for __aeabi_dmul
    main.o(.text.HAL_TIM_PeriodElapsedCallback) refers to d2f.o(.text) for __aeabi_d2f
    main.o(.text.HAL_TIM_PeriodElapsedCallback) refers to mpu6050.o(.text.MPU_Get_Gyroscope) for MPU_Get_Gyroscope
    main.o(.text.HAL_TIM_PeriodElapsedCallback) refers to f2d.o(.text) for __aeabi_f2d
    main.o(.text.HAL_TIM_PeriodElapsedCallback) refers to printfa.o(i.__0printf) for __2printf
    main.o(.ARM.exidx.text.HAL_TIM_PeriodElapsedCallback) refers to main.o(.text.HAL_TIM_PeriodElapsedCallback) for [Anonymous Symbol]
    main.o(.text.topSurfaceIdentify) refers to main.o(.bss..L_MergedGlobals) for .L_MergedGlobals
    main.o(.text.topSurfaceIdentify) refers to fcmple.o(.text) for __aeabi_fcmple
[...]
    ../clib/microlib/stdio/puts.c            0x00000000   Number         0  puts.o ABSOLUTE
    ../clib/microlib/stdio/puts.c            0x00000000   Number         0  puts_e.o ABSOLUTE
    ../clib/microlib/stdio/streams.c         0x00000000   Number         0  stdout.o ABSOLUTE
    ../clib/microlib/string/memcmp.c         0x00000000   Number         0  memcmp.o ABSOLUTE
    ../clib/microlib/stubs.s                 0x00000000   Number         0  iusefp.o ABSOLUTE
    ../fplib/microlib/d2f.c                  0x00000000   Number         0  d2f.o ABSOLUTE
    ../fplib/microlib/f2d.c                  0x00000000   Number         0  f2d.o ABSOLUTE
    ../fplib/microlib/fpadd.c                0x00000000   Number         0  fadd.o ABSOLUTE
    ../fplib/microlib/fpadd.c                0x00000000   Number         0  dadd.o ABSOLUTE
    ../fplib/microlib/fpcmp.c                0x00000000   Number         0  fcmple.o ABSOLUTE
    ../fplib/microlib/fpcmp.c                0x00000000   Number         0  fcmplt.o ABSOLUTE
    ../fplib/microlib/fpcmp.c                0x00000000   Number         0  fcmpge.o ABSOLUTE
    ../fplib/microlib/fpcmp.c                0x00000000   Number         0  fcmpgt.o ABSOLUTE
    ../fplib/microlib/fpcmp.c                0x00000000   Number         0  fcmpeq.o ABSOLUTE
    ../fplib/microlib/fpdiv.c                0x00000000   Number         0  fdiv.o ABSOLUTE
    ../fplib/microlib/fpdiv.c                0x00000000   Number         0  ddiv.o ABSOLUTE
    ../fplib/microlib/fpepilogue.c           0x00000000   Number         0  fepilogue.o ABSOLUTE
    ../fplib/microlib/fpepilogue.c           0x00000000   Number         0  depilogue.o ABSOLUTE
    ../fplib/microlib/fpfix.c                0x00000000   Number         0  ffixi.o ABSOLUTE
    ../fplib/microlib/fpfix.c                0x00000000   Number         0  dfixul.o ABSOLUTE
    ../fplib/microlib/fpflt.c                0x00000000   Number         0  fflti.o ABSOLUTE
    ../fplib/microlib/fpflt.c                0x00000000   Number         0  ffltui.o ABSOLUTE
    ../fplib/microlib/fpflt.c                0x00000000   Number         0  dflti.o ABSOLUTE
    ../fplib/microlib/fpmul.c                0x00000000   Number         0  fmul.o ABSOLUTE
    ../fplib/microlib/fpmul.c                0x00000000   Number         0  dmul.o ABSOLUTE
    ../fplib/microlib/fpscalb.c              0x00000000   Number         0  dscalb.o ABSOLUTE
    ../fplib/microlib/fpsqrt.c               0x00000000   Number         0  dsqrt.o ABSOLUTE
    ../mathlib/asin.c                        0x00000000   Number         0  asin.o ABSOLUTE
    ../mathlib/atan.c                        0x00000000   Number         0  atan.o ABSOLUTE
    ../mathlib/atan2.c                       0x00000000   Number         0  atan2.o ABSOLUTE
    ../mathlib/dunder.c                      0x00000000   Number         0  dunder.o ABSOLUTE
    ../mathlib/fpclassify.c                  0x00000000   Number         0  fpclassify.o ABSOLUTE
    ../mathlib/poly.c                        0x00000000   Number         0  poly.o ABSOLUTE
    ../mathlib/qnan.c                        0x00000000   Number         0  qnan.o ABSOLUTE
    ../mathlib/sqrt.c                        0x00000000   Number         0  sqrt.o ABSOLUTE
    IIC.c                                    0x00000000   Number         0  iic.o ABSOLUTE
    cdcmple.s                                0x00000000   Number         0  cdcmple.o ABSOLUTE
    cdrcmple.s                               0x00000000   Number         0  cdrcmple.o ABSOLUTE
    dc.s                                     0x00000000   Number         0  dc.o ABSOLUTE
    gpio.c                                   0x00000000   Number         0  gpio.o ABSOLUTE
    handlers.s                               0x00000000   Number         0  handlers.o ABSOLUTE
    init.s                                   0x00000000   Number         0  init.o ABSOLUTE
    inv_mpu.c                                0x00000000   Number         0  inv_mpu.o ABSOLUTE
    inv_mpu_dmp_motion_driver.c              0x00000000   Number         0  inv_mpu_dmp_motion_driver.o ABSOLUTE
    main.c                                   0x00000000   Number         0  main.o ABSOLUTE
    mpu6050.c                                0x00000000   Number         0  mpu6050.o ABSOLUTE
    startup_stm32f103xb.s                    0x00000000   Number         0  startup_stm32f103xb.o ABSOLUTE
    stm32f1xx_hal.c                          0x00000000   Number         0  stm32f1xx_hal.o ABSOLUTE
    stm32f1xx_hal_cortex.c                   0x00000000   Number         0  stm32f1xx_hal_cortex.o ABSOLUTE
    stm32f1xx_hal_dma.c                      0x00000000   Number         0  stm32f1xx_hal_dma.o ABSOLUTE
    stm32f1xx_hal_exti.c                     0x00000000   Number         0  stm32f1xx_hal_exti.o ABSOLUTE
    stm32f1xx_hal_flash.c                    0x00000000   Number         0  stm32f1xx_hal_flash.o ABSOLUTE
    stm32f1xx_hal_flash_ex.c                 0x00000000   Number         0  stm32f1xx_hal_flash_ex.o ABSOLUTE
    stm32f1xx_hal_gpio.c                     0x00000000   Number         0  stm32f1xx_hal_gpio.o ABSOLUTE
    stm32f1xx_hal_gpio_ex.c                  0x00000000   Number         0  stm32f1xx_hal_gpio_ex.o ABSOLUTE
    stm32f1xx_hal_msp.c                      0x00000000   Number         0  stm32f1xx_hal_msp.o ABSOLUTE
    stm32f1xx_hal_pwr.c                      0x00000000   Number         0  stm32f1xx_hal_pwr.o ABSOLUTE
    stm32f1xx_hal_rcc.c                      0x00000000   Number         0  stm32f1xx_hal_rcc.o ABSOLUTE
    stm32f1xx_hal_rcc_ex.c                   0x00000000   Number         0  stm32f1xx_hal_rcc_ex.o ABSOLUTE
    stm32f1xx_hal_tim.c                      0x00000000   Number         0  stm32f1xx_hal_tim.o ABSOLUTE
    stm32f1xx_hal_tim_ex.c                   0x00000000   Number         0  stm32f1xx_hal_tim_ex.o ABSOLUTE
    stm32f1xx_hal_uart.c                     0x00000000   Number         0  stm32f1xx_hal_uart.o ABSOLUTE
    stm32f1xx_it.c                           0x00000000   Number         0  stm32f1xx_it.o ABSOLUTE
    system_stm32f1xx.c                       0x00000000   Number         0  system_stm32f1xx.o ABSOLUTE
    tim.c                                    0x00000000   Number         0  tim.o ABSOLUTE
    usart.c                                  0x00000000   Number         0  usart.o ABSOLUTE
    RESET                                    0x08000000   Section      236  startup_stm32f103xb.o(RESET)
    .ARM.Collect$$$$00000000                 0x080000ec   Section        0  entry.o(.ARM.Collect$$$$00000000)
    .ARM.Collect$$$$00000001                 0x080000ec   Section        4  entry2.o(.ARM.Collect$$$$00000001)
    .ARM.Collect$$$$00000004                 0x080000f0   Section        4  entry5.o(.ARM.Collect$$$$00000004)
    .ARM.Collect$$$$00000008                 0x080000f4   Section        0  entry7b.o(.ARM.Collect$$$$00000008)
    .ARM.Collect$$$$0000000A                 0x080000f4   Section        0  entry8b.o(.ARM.Collect$$$$0000000A)
    .ARM.Collect$$$$0000000B                 0x080000f4   Section        8  entry9a.o(.ARM.Collect$$$$0000000B)
    __lit__00000000                          0x080000fc   Data           4  entry2.o(.ARM.Collect$$$$00002712)
    .ARM.Collect$$$$0000000D                 0x080000fc   Section        0  entry10a.o(.ARM.Collect$$$$0000000D)
    .ARM.Collect$$$$0000000F                 0x080000fc   Section        0  entry11a.o(.ARM.Collect$$$$0000000F)
    .ARM.Collect$$$$00002712                 0x080000fc   Section        4  entry2.o(.ARM.Collect$$$$00002712)
    .text                                    0x08000100   Section       36  startup_stm32f103xb.o(.text)
    .text                                    0x08000124   Section        0  ldiv.o(.text)
    .text                                    0x08000186   Section        0  memcmp.o(.text)
    .text                                    0x080001a0   Section        0  fadd.o(.text)
    .text                                    0x08000250   Section        0  fmul.o(.text)
    .text                                    0x080002b4   Section        0  fdiv.o(.text)
    .text                                    0x08000330   Section        0  dadd.o(.text)
    .text                                    0x0800047e   Section        0  dmul.o(.text)
    .text                                    0x08000562   Section        0  ddiv.o(.text)
    .text                                    0x08000640   Section        0  fcmple.o(.text)
    .text                                    0x0800065c   Section        0  fcmplt.o(.text)
    .text                                    0x08000678   Section        0  fcmpgt.o(.text)
    .text                                    0x08000694   Section        0  fcmpeq.o(.text)
    .text                                    0x080006b0   Section        0  fflti.o(.text)
    .text                                    0x080006c2   Section        0  ffltui.o(.text)
    .text                                    0x080006cc   Section        0  dflti.o(.text)
    .text                                    0x080006ee   Section        0  ffixi.o(.text)
    .text                                    0x08000720   Section        0  f2d.o(.text)
    .text                                    0x08000746   Section        0  d2f.o(.text)
    .text                                    0x0800077e   Section        0  uidiv.o(.text)
    .text                                    0x080007aa   Section        0  uldiv.o(.text)
    .text                                    0x0800080c   Section        0  llshl.o(.text)
    .text                                    0x0800082a   Section        0  llsshr.o(.text)
    .text                                    0x0800084e   Section        0  iusefp.o(.text)
    .text                                    0x0800084e   Section        0  fepilogue.o(.text)
    .text                                    0x080008bc   Section        0  depilogue.o(.text)
    .text                                    0x08000976   Section        0  dscalb.o(.text)
    .text                                    0x080009a4   Section        0  dfixul.o(.text)
    .text                                    0x080009d4   Section       48  cdcmple.o(.text)
    .text                                    0x08000a04   Section       48  cdrcmple.o(.text)
    .text                                    0x08000a34   Section       36  init.o(.text)
    .text                                    0x08000a58   Section        0  llushr.o(.text)
    .text                                    0x08000a78   Section        0  dsqrt.o(.text)
    [Anonymous Symbol]                       0x08000b1c   Section        0  stm32f1xx_it.o(.text.BusFault_Handler)
    [Anonymous Symbol]                       0x08000b20   Section        0  stm32f1xx_it.o(.text.DebugMon_Handler)
    [Anonymous Symbol]                       0x08000b24   Section        0  main.o(.text.Error_Handler)
    [Anonymous Symbol]                       0x08000b30   Section        0  stm32f1xx_hal_dma.o(.text.HAL_DMA_Abort)
    [Anonymous Symbol]                       0x08000b78   Section        0  stm32f1xx_hal_dma.o(.text.HAL_DMA_Abort_IT)
    [Anonymous Symbol]                       0x08000c2c   Section        0  stm32f1xx_hal.o(.text.HAL_Delay)
    [Anonymous Symbol]                       0x08000c54   Section        0  stm32f1xx_hal_gpio.o(.text.HAL_GPIO_Init)
    [Anonymous Symbol]                       0x08000e70   Section        0  stm32f1xx_hal_gpio.o(.text.HAL_GPIO_ReadPin)
    [Anonymous Symbol]                       0x08000e7c   Section        0  stm32f1xx_hal_gpio.o(.text.HAL_GPIO_TogglePin)
    [Anonymous Symbol]                       0x08000e8c   Section        0  stm32f1xx_hal_gpio.o(.text.HAL_GPIO_WritePin)
    [Anonymous Symbol]                       0x08000e98   Section        0  stm32f1xx_hal.o(.text.HAL_GetTick)
    [Anonymous Symbol]                       0x08000ea4   Section        0  stm32f1xx_hal.o(.text.HAL_IncTick)
    [Anonymous Symbol]                       0x08000ec0   Section        0  stm32f1xx_hal.o(.text.HAL_Init)
    [Anonymous Symbol]                       0x08000ee8   Section        0  stm32f1xx_hal.o(.text.HAL_InitTick)
    [Anonymous Symbol]                       0x08000f30   Section        0  stm32f1xx_hal_msp.o(.text.HAL_MspInit)
    [Anonymous Symbol]                       0x08000f64   Section        0  stm32f1xx_hal_cortex.o(.text.HAL_NVIC_EnableIRQ)
    [Anonymous Symbol]                       0x08000f8c   Section        0  stm32f1xx_hal_cortex.o(.text.HAL_NVIC_SetPriority)
    [Anonymous Symbol]                       0x08000fe4   Section        0  stm32f1xx_hal_cortex.o(.text.HAL_NVIC_SetPriorityGrouping)
    [Anonymous Symbol]                       0x08001004   Section        0  stm32f1xx_hal_rcc.o(.text.HAL_RCC_ClockConfig)
    [Anonymous Symbol]                       0x080011c4   Section        0  stm32f1xx_hal_rcc.o(.text.HAL_RCC_GetPCLK1Freq)
    [Anonymous Symbol]                       0x080011ec   Section        0  stm32f1xx_hal_rcc.o(.text.HAL_RCC_GetPCLK2Freq)
    [Anonymous Symbol]                       0x08001214   Section        0  stm32f1xx_hal_rcc.o(.text.HAL_RCC_OscConfig)
    [Anonymous Symbol]                       0x080015c8   Section        0  stm32f1xx_hal_cortex.o(.text.HAL_SYSTICK_Config)
    [Anonymous Symbol]                       0x080015f4   Section        0  stm32f1xx_hal_tim_ex.o(.text.HAL_TIMEx_BreakCallback)
    [Anonymous Symbol]                       0x080015f8   Section        0  stm32f1xx_hal_tim_ex.o(.text.HAL_TIMEx_CommutCallback)
    [Anonymous Symbol]                       0x080015fc   Section        0  stm32f1xx_hal_tim_ex.o(.text.HAL_TIMEx_MasterConfigSynchronization)
    [Anonymous Symbol]                       0x08001678   Section        0  stm32f1xx_hal_tim.o(.text.HAL_TIM_Base_Init)
    [Anonymous Symbol]                       0x08001764   Section        0  tim.o(.text.HAL_TIM_Base_MspInit)
    [Anonymous Symbol]                       0x080017ac   Section        0  stm32f1xx_hal_tim.o(.text.HAL_TIM_Base_Start_IT)
    [Anonymous Symbol]                       0x0800181c   Section        0  stm32f1xx_hal_tim.o(.text.HAL_TIM_ConfigClockSource)
    [Anonymous Symbol]                       0x080019b8   Section        0  stm32f1xx_hal_tim.o(.text.HAL_TIM_IC_CaptureCallback)
    [Anonymous Symbol]                       0x080019bc   Section        0  stm32f1xx_hal_tim.o(.text.HAL_TIM_IRQHandler)
    [Anonymous Symbol]                       0x08001b2c   Section        0  stm32f1xx_hal_tim.o(.text.HAL_TIM_OC_DelayElapsedCallback)
    [Anonymous Symbol]                       0x08001b30   Section        0  stm32f1xx_hal_tim.o(.text.HAL_TIM_PWM_PulseFinishedCallback)
    [Anonymous Symbol]                       0x08001b34   Section        0  main.o(.text.HAL_TIM_PeriodElapsedCallback)
    [Anonymous Symbol]                       0x08001c20   Section        0  stm32f1xx_hal_tim.o(.text.HAL_TIM_TriggerCallback)
    [Anonymous Symbol]                       0x08001c24   Section        0  stm32f1xx_hal_uart.o(.text.HAL_UARTEx_RxEventCallback)
    [Anonymous Symbol]                       0x08001c28   Section        0  stm32f1xx_hal_uart.o(.text.HAL_UART_ErrorCallback)
    [Anonymous Symbol]                       0x08001c2c   Section        0  stm32f1xx_hal_uart.o(.text.HAL_UART_IRQHandler)
    [Anonymous Symbol]                       0x0800218c   Section        0  stm32f1xx_hal_uart.o(.text.HAL_UART_Init)
    [Anonymous Symbol]                       0x08002270   Section        0  usart.o(.text.HAL_UART_MspInit)
    [Anonymous Symbol]                       0x0800236c   Section        0  stm32f1xx_hal_uart.o(.text.HAL_UART_RxCpltCallback)
    [Anonymous Symbol]                       0x08002370   Section        0  stm32f1xx_hal_uart.o(.text.HAL_UART_Transmit)
    [Anonymous Symbol]                       0x080025e8   Section        0  stm32f1xx_hal_uart.o(.text.HAL_UART_TxCpltCallback)
    [Anonymous Symbol]                       0x080025ec   Section        0  stm32f1xx_it.o(.text.HardFault_Handler)
    [Anonymous Symbol]                       0x080025f0   Section        0  iic.o(.text.IIC_GPIO_Init)
    [Anonymous Symbol]                       0x08002654   Section        0  iic.o(.text.IIC_Read_Byte)
    [Anonymous Symbol]                       0x08002848   Section        0  iic.o(.text.IIC_Send_Byte)
    [Anonymous Symbol]                       0x08002994   Section        0  iic.o(.text.IIC_Start)
    [Anonymous Symbol]                       0x080029d4   Section        0  iic.o(.text.IIC_Stop)
    [Anonymous Symbol]                       0x08002a08   Section        0  iic.o(.text.IIC_Wait_Ack)
    [Anonymous Symbol]                       0x08002a50   Section        0  mpu6050.o(.text.MPU_Get_Accelerometer)
    [Anonymous Symbol]                       0x08002a94   Section        0  mpu6050.o(.text.MPU_Get_Gyroscope)
    [Anonymous Symbol]                       0x08002ad8   Section        0  mpu6050.o(.text.MPU_Init)
    [Anonymous Symbol]                       0x08002b94   Section        0  mpu6050.o(.text.MPU_Read_Len)
    [Anonymous Symbol]                       0x08002c04   Section        0  mpu6050.o(.text.MPU_Write_Byte)
    [Anonymous Symbol]                       0x08002c48   Section        0  mpu6050.o(.text.MPU_Write_Len)
    [Anonymous Symbol]                       0x08002ca4   Section        0  gpio.o(.text.MX_GPIO_Init)
    [Anonymous Symbol]                       0x08002d5c   Section        0  tim.o(.text.MX_TIM1_Init)
    [Anonymous Symbol]                       0x08002dd8   Section        0  usart.o(.text.MX_USART1_UART_Init)
    [Anonymous Symbol]                       0x08002e14   Section        0  usart.o(.text.MX_USART2_UART_Init)
    [Anonymous Symbol]                       0x08002e50   Section        0  stm32f1xx_it.o(.text.MemManage_Handler)
    [Anonymous Symbol]                       0x08002e54   Section        0  stm32f1xx_it.o(.text.NMI_Handler)
    [Anonymous Symbol]                       0x08002e58   Section        0  stm32f1xx_it.o(.text.PendSV_Handler)
    [Anonymous Symbol]                       0x08002e5c   Section        0  stm32f1xx_it.o(.text.SVC_Handler)
    [Anonymous Symbol]                       0x08002e60   Section        0  stm32f1xx_it.o(.text.SysTick_Handler)
    [Anonymous Symbol]                       0x08002e64   Section        0  system_stm32f1xx.o(.text.SystemInit)
    [Anonymous Symbol]                       0x08002e68   Section        0  stm32f1xx_it.o(.text.TIM1_UP_IRQHandler)
    UART_DMAAbortOnError                     0x08002e75   Thumb Code    12  stm32f1xx_hal_uart.o(.text.UART_DMAAbortOnError)
    [Anonymous Symbol]                       0x08002e74   Section        0  stm32f1xx_hal_uart.o(.text.UART_DMAAbortOnError)
    UART_Receive_IT                          0x08002e81   Thumb Code   254  stm32f1xx_hal_uart.o(.text.UART_Receive_IT)
    [Anonymous Symbol]                       0x08002e80   Section        0  stm32f1xx_hal_uart.o(.text.UART_Receive_IT)
    [Anonymous Symbol]                       0x08002f80   Section        0  stm32f1xx_it.o(.text.USART2_IRQHandler)
    [Anonymous Symbol]                       0x08002f8c   Section        0  stm32f1xx_it.o(.text.UsageFault_Handler)
    [Anonymous Symbol]                       0x08002f90   Section        0  inv_mpu_dmp_motion_driver.o(.text.dmp_enable_feature)
    [Anonymous Symbol]                       0x08003230   Section        0  inv_mpu_dmp_motion_driver.o(.text.dmp_load_motion_driver_firmware)
    [Anonymous Symbol]                       0x08003248   Section        0  inv_mpu_dmp_motion_driver.o(.text.dmp_read_fifo)
    [Anonymous Symbol]                       0x0800341c   Section        0  inv_mpu_dmp_motion_driver.o(.text.dmp_set_accel_bias)
    [Anonymous Symbol]                       0x080034dc   Section        0  inv_mpu_dmp_motion_driver.o(.text.dmp_set_fifo_rate)
    [Anonymous Symbol]                       0x0800354c   Section        0  inv_mpu_dmp_motion_driver.o(.text.dmp_set_gyro_bias)
    [Anonymous Symbol]                       0x0800362c   Section        0  inv_mpu_dmp_motion_driver.o(.text.dmp_set_orientation)
    [Anonymous Symbol]                       0x08003714   Section        0  inv_mpu_dmp_motion_driver.o(.text.dmp_set_tap_thresh)
    [Anonymous Symbol]                       0x0800383c   Section        0  main.o(.text.fputc)
    get_st_biases                            0x0800385d   Thumb Code   820  inv_mpu.o(.text.get_st_biases)
    [Anonymous Symbol]                       0x0800385c   Section        0  inv_mpu.o(.text.get_st_biases)
    [Anonymous Symbol]                       0x08003b90   Section        0  inv_mpu.o(.text.inv_orientation_matrix_to_scalar)
    [Anonymous Symbol]                       0x08003c6c   Section        0  main.o(.text.main)
    [Anonymous Symbol]                       0x08003d28   Section        0  inv_mpu.o(.text.mget_ms)
    [Anonymous Symbol]                       0x08003d2c   Section        0  inv_mpu.o(.text.mpu_configure_fifo)
    [Anonymous Symbol]                       0x08003ddc   Section        0  inv_mpu.o(.text.mpu_dmp_get_data)
    [Anonymous Symbol]                       0x08003fb8   Section        0  inv_mpu.o(.text.mpu_dmp_init)
    [Anonymous Symbol]                       0x080040b4   Section        0  inv_mpu.o(.text.mpu_get_accel_fsr)
    [Anonymous Symbol]                       0x080040f0   Section        0  inv_mpu.o(.text.mpu_get_accel_sens)
    [Anonymous Symbol]                       0x08004134   Section        0  inv_mpu.o(.text.mpu_init)
    [Anonymous Symbol]                       0x080042fc   Section        0  inv_mpu.o(.text.mpu_load_firmware)
    [Anonymous Symbol]                       0x08004444   Section        0  inv_mpu.o(.text.mpu_lp_accel_mode)
    [Anonymous Symbol]                       0x08004660   Section        0  inv_mpu.o(.text.mpu_read_fifo_stream)
    [Anonymous Symbol]                       0x08004720   Section        0  inv_mpu.o(.text.mpu_reset_fifo)
    [Anonymous Symbol]                       0x080048a4   Section        0  inv_mpu.o(.text.mpu_run_self_test)
    [Anonymous Symbol]                       0x080051dc   Section        0  inv_mpu.o(.text.mpu_set_accel_fsr)
    [Anonymous Symbol]                       0x08005278   Section        0  inv_mpu.o(.text.mpu_set_bypass)
    [Anonymous Symbol]                       0x08005368   Section        0  inv_mpu.o(.text.mpu_set_dmp_state)
    [Anonymous Symbol]                       0x08005448   Section        0  inv_mpu.o(.text.mpu_set_lpf)
    [Anonymous Symbol]                       0x080054e4   Section        0  inv_mpu.o(.text.mpu_set_sample_rate)
    [Anonymous Symbol]                       0x0800562c   Section        0  inv_mpu.o(.text.mpu_set_sensors)
    [Anonymous Symbol]                       0x08005718   Section        0  inv_mpu.o(.text.mpu_write_mem)
    [Anonymous Symbol]                       0x0800577c   Section        0  inv_mpu.o(.text.run_self_test)
    i.__0printf                              0x08005870   Section        0  printfa.o(i.__0printf)
    i.__ARM_fpclassify                       0x08005890   Section        0  fpclassify.o(i.__ARM_fpclassify)
    i.__kernel_poly                          0x080058b8   Section        0  poly.o(i.__kernel_poly)
    i.__mathlib_dbl_infnan                   0x08005962   Section        0  dunder.o(i.__mathlib_dbl_infnan)
    i.__mathlib_dbl_infnan2                  0x08005968   Section        0  dunder.o(i.__mathlib_dbl_infnan2)
    i.__mathlib_dbl_invalid                  0x0800596c   Section        0  dunder.o(i.__mathlib_dbl_invalid)
    i.__mathlib_dbl_underflow                0x08005978   Section        0  dunder.o(i.__mathlib_dbl_underflow)
    i.__scatterload_copy                     0x08005988   Section       14  handlers.o(i.__scatterload_copy)
    i.__scatterload_null                     0x08005996   Section        2  handlers.o(i.__scatterload_null)
    i.__scatterload_zeroinit                 0x08005998   Section       14  handlers.o(i.__scatterload_zeroinit)
    i.__set_errno                            0x080059a8   Section        0  errno.o(i.__set_errno)
    _fp_digits                               0x080059b5   Thumb Code   366  printfa.o(i._fp_digits)
    i._fp_digits                             0x080059b4   Section        0  printfa.o(i._fp_digits)
    _printf_core                             0x08005b39   Thumb Code  1744  printfa.o(i._printf_core)
    i._printf_core                           0x08005b38   Section        0  printfa.o(i._printf_core)
    _printf_post_padding                     0x08006215   Thumb Code    36  printfa.o(i._printf_post_padding)
    i._printf_post_padding                   0x08006214   Section        0  printfa.o(i._printf_post_padding)
    _printf_pre_padding                      0x08006239   Thumb Code    46  printfa.o(i._printf_pre_padding)
    i._printf_pre_padding                    0x08006238   Section        0  printfa.o(i._printf_pre_padding)
    i.asin                                   0x08006268   Section        0  asin.o(i.asin)
    i.atan                                   0x080064d8   Section        0  atan.o(i.atan)
    i.atan2                                  0x080066f8   Section        0  atan2.o(i.atan2)
    i.puts                                   0x08006894   Section        0  puts.o(i.puts)
    i.sqrt                                   0x080068b8   Section        0  sqrt.o(i.sqrt)
    pS                                       0x08006908   Data          48  asin.o(.constdata)
    .constdata                               0x08006908   Section       80  asin.o(.constdata)
    qS                                       0x08006938   Data          32  asin.o(.constdata)
    atanhi                                   0x08006958   Data          32  atan.o(.constdata)
    .constdata                               0x08006958   Section      152  atan.o(.constdata)
    atanlo                                   0x08006978   Data          32  atan.o(.constdata)
    aTodd                                    0x08006998   Data          40  atan.o(.constdata)
    aTeven                                   0x080069c0   Data          48  atan.o(.constdata)
    .constdata                               0x080069f0   Section        8  qnan.o(.constdata)
    .L__const.dmp_set_orientation.accel_axes 0x080069f8   Data           3  inv_mpu_dmp_motion_driver.o(.rodata..L__const.dmp_set_orientation.accel_axes)
    .L__const.dmp_set_orientation.gyro_axes  0x080069fb   Data           3  inv_mpu_dmp_motion_driver.o(.rodata..L__const.dmp_set_orientation.gyro_axes)
    HAL_RCC_GetSysClockFreq.aPredivFactorTable 0x08006a16   Data           2  stm32f1xx_hal_rcc.o(.rodata.HAL_RCC_GetSysClockFreq.aPredivFactorTable)
    [Anonymous Symbol]                       0x08006a16   Section        0  stm32f1xx_hal_rcc.o(.rodata.HAL_RCC_GetSysClockFreq.aPredivFactorTable)
    HAL_RCC_GetSysClockFreq.aPLLMULFactorTable 0x08006a18   Data          16  stm32f1xx_hal_rcc.o(.rodata.cst16)
    [Anonymous Symbol]                       0x08006a18   Section        0  stm32f1xx_hal_rcc.o(.rodata.cst16)
    dmp_memory                               0x08006a28   Data        3062  inv_mpu_dmp_motion_driver.o(.rodata.dmp_memory)
    [Anonymous Symbol]                       0x08006a28   Section        0  inv_mpu_dmp_motion_driver.o(.rodata.dmp_memory)
    .Lstr                                    0x08007645   Data          76  inv_mpu.o(.rodata.str1.1)
    [Anonymous Symbol]                       0x08007645   Section        0  inv_mpu.o(.rodata.str1.1)
    .data                                    0x20000000   Section        4  stdout.o(.data)
    _errno                                   0x20000004   Data           4  errno.o(.data)
    .data                                    0x20000004   Section        4  errno.o(.data)
    .L_MergedGlobals                         0x20000008   Data           8  stm32f1xx_hal.o(.data..L_MergedGlobals)
    [Anonymous Symbol]                       0x20000008   Section        0  stm32f1xx_hal.o(.data..L_MergedGlobals)
    .L_MergedGlobals                         0x20000010   Data          56  inv_mpu.o(.data..L_MergedGlobals)
    gyro_orientation                         0x20000010   Data           9  inv_mpu.o(.data..L_MergedGlobals)
    [Anonymous Symbol]                       0x20000010   Section        0  inv_mpu.o(.data..L_MergedGlobals)
    st                                       0x2000001c   Data          44  inv_mpu.o(.data..L_MergedGlobals)
    .L_MergedGlobals                         0x20000050   Data          36  main.o(.bss..L_MergedGlobals)
    [Anonymous Symbol]                       0x20000050   Section        0  main.o(.bss..L_MergedGlobals)
    .L_MergedGlobals                         0x20000074   Data          16  inv_mpu_dmp_motion_driver.o(.bss..L_MergedGlobals)
    dmp.5                                    0x20000074   Data           1  inv_mpu_dmp_motion_driver.o(.bss..L_MergedGlobals)
    [Anonymous Symbol]                       0x20000074   Section        0  inv_mpu_dmp_motion_driver.o(.bss..L_MergedGlobals)
    dmp.3                                    0x20000078   Data           2  inv_mpu_dmp_motion_driver.o(.bss..L_MergedGlobals)
    dmp.0                                    0x2000007c   Data           4  inv_mpu_dmp_motion_driver.o(.bss..L_MergedGlobals)
    dmp.1                                    0x20000080   Data           4  inv_mpu_dmp_motion_driver.o(.bss..L_MergedGlobals)
    dmp.2                                    0x20000084   Data           2  inv_mpu_dmp_motion_driver.o(.bss.dmp.2)
    [Anonymous Symbol]                       0x20000084   Section        0  inv_mpu_dmp_motion_driver.o(.bss.dmp.2)
    dmp.4                                    0x20000088   Data           2  inv_mpu_dmp_motion_driver.o(.bss.dmp.4)
    [Anonymous Symbol]                       0x20000088   Section        0  inv_mpu_dmp_motion_driver.o(.bss.dmp.4)
    STACK                                    0x20000168   Section     1024  startup_stm32f103xb.o(STACK)

    Global Symbols

    Symbol Name                              Value     Ov Type        Size  Object(Section)

    BuildAttributes$$THM_ISAv4$P$D$K$B$S$PE$A:L22UL41UL21$X:L11$S22US41US21$IEEE1$IW$~IW$USESV6$~STKCKD$USESV7$~SHL$OTIME$ROPI$IEEEX$EBA8$MICROLIB$REQ8$PRES8$EABIv2 0x00000000   Number         0  anon$$obj.o ABSOLUTE
    _printf_a                                0x00000000   Number         0  printfstubs.o ABSOLUTE
    _printf_c                                0x00000000   Number         0  printfstubs.o ABSOLUTE
    _printf_charcount                        0x00000000   Number         0  printfstubs.o ABSOLUTE
    _printf_d                                0x00000000   Number         0  printfstubs.o ABSOLUTE
    _printf_e                                0x00000000   Number         0  printfstubs.o ABSOLUTE
    _printf_f                                0x00000000   Number         0  printfstubs.o ABSOLUTE
    _printf_flags                            0x00000000   Number         0  printfstubs.o ABSOLUTE
    _printf_fp_dec                           0x00000000   Number         0  printfstubs.o ABSOLUTE
    _printf_fp_hex                           0x00000000   Number         0  printfstubs.o ABSOLUTE
    _printf_g                                0x00000000   Number         0  printfstubs.o ABSOLUTE
    _printf_i                                0x00000000   Number         0  printfstubs.o ABSOLUTE
    _printf_int_dec                          0x00000000   Number         0  printfstubs.o ABSOLUTE
    _printf_l                                0x00000000   Number         0  printfstubs.o ABSOLUTE
    _printf_lc                               0x00000000   Number         0  printfstubs.o ABSOLUTE
    _printf_ll                               0x00000000   Number         0  printfstubs.o ABSOLUTE
    _printf_lld                              0x00000000   Number         0  printfstubs.o ABSOLUTE
    _printf_lli                              0x00000000   Number         0  printfstubs.o ABSOLUTE
    _printf_llo                              0x00000000   Number         0  printfstubs.o ABSOLUTE
    _printf_llu                              0x00000000   Number         0  printfstubs.o ABSOLUTE
    _printf_llx                              0x00000000   Number         0  printfstubs.o ABSOLUTE
    _printf_longlong_dec                     0x00000000   Number         0  printfstubs.o ABSOLUTE
    _printf_longlong_hex                     0x00000000   Number         0  printfstubs.o ABSOLUTE
    _printf_longlong_oct                     0x00000000   Number         0  printfstubs.o ABSOLUTE
    _printf_ls                               0x00000000   Number         0  printfstubs.o ABSOLUTE
    _printf_mbtowc                           0x00000000   Number         0  printfstubs.o ABSOLUTE
    _printf_n                                0x00000000   Number         0  printfstubs.o ABSOLUTE
    _printf_o                                0x00000000   Number         0  printfstubs.o ABSOLUTE
    _printf_p                                0x00000000   Number         0  printfstubs.o ABSOLUTE
    _printf_percent                          0x00000000   Number         0  printfstubs.o ABSOLUTE
    _printf_pre_padding                      0x00000000   Number         0  printfstubs.o ABSOLUTE
    _printf_return_value                     0x00000000   Number         0  printfstubs.o ABSOLUTE
    _printf_s                                0x00000000   Number         0  printfstubs.o ABSOLUTE
    _printf_sizespec                         0x00000000   Number         0  printfstubs.o ABSOLUTE
    _printf_str                              0x00000000   Number         0  printfstubs.o ABSOLUTE
    _printf_truncate_signed                  0x00000000   Number         0  printfstubs.o ABSOLUTE
    _printf_truncate_unsigned                0x00000000   Number         0  printfstubs.o ABSOLUTE
    _printf_u                                0x00000000   Number         0  printfstubs.o ABSOLUTE
    _printf_wc                               0x00000000   Number         0  printfstubs.o ABSOLUTE
    _printf_wctomb                           0x00000000   Number         0  printfstubs.o ABSOLUTE
    _printf_widthprec                        0x00000000   Number         0  printfstubs.o ABSOLUTE
    _printf_x                                0x00000000   Number         0  printfstubs.o ABSOLUTE
    __cpp_initialize__aeabi_                  - Undefined Weak Reference
    __cxa_finalize                            - Undefined Weak Reference
    __decompress                              - Undefined Weak Reference
    _clock_init                               - Undefined Weak Reference
    _microlib_exit                            - Undefined Weak Reference
    __Vectors_Size                           0x000000ec   Number         0  startup_stm32f103xb.o ABSOLUTE
    __Vectors                                0x08000000   Data           4  startup_stm32f103xb.o(RESET)
    __Vectors_End                            0x080000ec   Data           0  startup_stm32f103xb.o(RESET)
    __main                                   0x080000ed   Thumb Code     0  entry.o(.ARM.Collect$$$$00000000)
    _main_stk                                0x080000ed   Thumb Code     0  entry2.o(.ARM.Collect$$$$00000001)
    _main_scatterload                        0x080000f1   Thumb Code     0  entry5.o(.ARM.Collect$$$$00000004)
    __main_after_scatterload                 0x080000f5   Thumb Code     0  entry5.o(.ARM.Collect$$$$00000004)
    _main_clock                              0x080000f5   Thumb Code     0  entry7b.o(.ARM.Collect$$$$00000008)
    _main_cpp_init                           0x080000f5   Thumb Code     0  entry8b.o(.ARM.Collect$$$$0000000A)
    _main_init                               0x080000f5   Thumb Code     0  entry9a.o(.ARM.Collect$$$$0000000B)
    __rt_final_cpp                           0x080000fd   Thumb Code     0  entry10a.o(.ARM.Collect$$$$0000000D)
    __rt_final_exit                          0x080000fd   Thumb Code     0  entry11a.o(.ARM.Collect$$$$0000000F)
    Reset_Handler                            0x08000101   Thumb Code     8  startup_stm32f103xb.o(.text)
    ADC1_2_IRQHandler                        0x0800011b   Thumb Code     0  startup_stm32f103xb.o(.text)
    CAN1_RX1_IRQHandler                      0x0800011b   Thumb Code     0  startup_stm32f103xb.o(.text)
    CAN1_SCE_IRQHandler                      0x0800011b   Thumb Code     0  startup_stm32f103xb.o(.text)
    DMA1_Channel1_IRQHandler                 0x0800011b   Thumb Code     0  startup_stm32f103xb.o(.text)
    DMA1_Channel2_IRQHandler                 0x0800011b   Thumb Code     0  startup_stm32f103xb.o(.text)
    DMA1_Channel3_IRQHandler                 0x0800011b   Thumb Code     0  startup_stm32f103xb.o(.text)
    DMA1_Channel4_IRQHandler                 0x0800011b   Thumb Code     0  startup_stm32f103xb.o(.text)
    DMA1_Channel5_IRQHandler                 0x0800011b   Thumb Code     0  startup_stm32f103xb.o(.text)
    DMA1_Channel6_IRQHandler                 0x0800011b   Thumb Code     0  startup_stm32f103xb.o(.text)
    DMA1_Channel7_IRQHandler                 0x0800011b   Thumb Code     0  startup_stm32f103xb.o(.text)
    EXTI0_IRQHandler                         0x0800011b   Thumb Code     0  startup_stm32f103xb.o(.text)
    EXTI15_10_IRQHandler                     0x0800011b   Thumb Code     0  startup_stm32f103xb.o(.text)
    EXTI1_IRQHandler                         0x0800011b   Thumb Code     0  startup_stm32f103xb.o(.text)
    EXTI2_IRQHandler                         0x0800011b   Thumb Code     0  startup_stm32f103xb.o(.text)
    EXTI3_IRQHandler                         0x0800011b   Thumb Code     0  startup_stm32f103xb.o(.text)
    EXTI4_IRQHandler                         0x0800011b   Thumb Code     0  startup_stm32f103xb.o(.text)
    EXTI9_5_IRQHandler                       0x0800011b   Thumb Code     0  startup_stm32f103xb.o(.text)
    FLASH_IRQHandler                         0x0800011b   Thumb Code     0  startup_stm32f103xb.o(.text)
    I2C1_ER_IRQHandler                       0x0800011b   Thumb Code     0  startup_stm32f103xb.o(.text)
    I2C1_EV_IRQHandler                       0x0800011b   Thumb Code     0  startup_stm32f103xb.o(.text)
    I2C2_ER_IRQHandler                       0x0800011b   Thumb Code     0  startup_stm32f103xb.o(.text)
    I2C2_EV_IRQHandler                       0x0800011b   Thumb Code     0  startup_stm32f103xb.o(.text)
    PVD_IRQHandler                           0x0800011b   Thumb Code     0  startup_stm32f103xb.o(.text)
    RCC_IRQHandler                           0x0800011b   Thumb Code     0  startup_stm32f103xb.o(.text)
    RTC_Alarm_IRQHandler                     0x0800011b   Thumb Code     0  startup_stm32f103xb.o(.text)
    RTC_IRQHandler                           0x0800011b   Thumb Code     0  startup_stm32f103xb.o(.text)
    SPI1_IRQHandler                          0x0800011b   Thumb Code     0  startup_stm32f103xb.o(.text)
    SPI2_IRQHandler                          0x0800011b   Thumb Code     0  startup_stm32f103xb.o(.text)
    TAMPER_IRQHandler                        0x0800011b   Thumb Code     0  startup_stm32f103xb.o(.text)
    TIM1_BRK_IRQHandler                      0x0800011b   Thumb Code     0  startup_stm32f103xb.o(.text)
    TIM1_CC_IRQHandler                       0x0800011b   Thumb Code     0  startup_stm32f103xb.o(.text)
    TIM1_TRG_COM_IRQHandler                  0x0800011b   Thumb Code     0  startup_stm32f103xb.o(.text)
    TIM2_IRQHandler                          0x0800011b   Thumb Code     0  startup_stm32f103xb.o(.text)
    TIM3_IRQHandler                          0x0800011b   Thumb Code     0  startup_stm32f103xb.o(.text)
    TIM4_IRQHandler                          0x0800011b   Thumb Code     0  startup_stm32f103xb.o(.text)
    USART1_IRQHandler                        0x0800011b   Thumb Code     0  startup_stm32f103xb.o(.text)
    USART3_IRQHandler                        0x0800011b   Thumb Code     0  startup_stm32f103xb.o(.text)
    USBWakeUp_IRQHandler                     0x0800011b   Thumb Code     0  startup_stm32f103xb.o(.text)
    USB_HP_CAN1_TX_IRQHandler                0x0800011b   Thumb Code     0  startup_stm32f103xb.o(.text)
    USB_LP_CAN1_RX0_IRQHandler               0x0800011b   Thumb Code     0  startup_stm32f103xb.o(.text)
    WWDG_IRQHandler                          0x0800011b   Thumb Code     0  startup_stm32f103xb.o(.text)
    __aeabi_ldivmod                          0x08000125   Thumb Code    98  ldiv.o(.text)
    memcmp                                   0x08000187   Thumb Code    26  memcmp.o(.text)
    __aeabi_fadd                             0x080001a1   Thumb Code   164  fadd.o(.text)
    __aeabi_fsub                             0x08000245   Thumb Code     6  fadd.o(.text)
    __aeabi_frsub                            0x0800024b   Thumb Code     6  fadd.o(.text)
    __aeabi_fmul                             0x08000251   Thumb Code   100  fmul.o(.text)
    __aeabi_fdiv                             0x080002b5   Thumb Code   124  fdiv.o(.text)
    __aeabi_dadd                             0x08000331   Thumb Code   322  dadd.o(.text)
    __aeabi_dsub                             0x08000473   Thumb Code     6  dadd.o(.text)
    __aeabi_drsub                            0x08000479   Thumb Code     6  dadd.o(.text)
    __aeabi_dmul                             0x0800047f   Thumb Code   228  dmul.o(.text)
    __aeabi_ddiv                             0x08000563   Thumb Code   222  ddiv.o(.text)
    __aeabi_fcmple                           0x08000641   Thumb Code    28  fcmple.o(.text)
    __aeabi_fcmplt                           0x0800065d   Thumb Code    28  fcmplt.o(.text)
    __aeabi_fcmpgt                           0x08000679   Thumb Code    28  fcmpgt.o(.text)
    __aeabi_fcmpeq                           0x08000695   Thumb Code    28  fcmpeq.o(.text)
    __aeabi_i2f                              0x080006b1   Thumb Code    18  fflti.o(.text)
    __aeabi_ui2f                             0x080006c3   Thumb Code    10  ffltui.o(.text)
    __aeabi_i2d                              0x080006cd   Thumb Code    34  dflti.o(.text)
    __aeabi_f2iz                             0x080006ef   Thumb Code    50  ffixi.o(.text)
    __aeabi_f2d                              0x08000721   Thumb Code    38  f2d.o(.text)
    __aeabi_d2f                              0x08000747   Thumb Code    56  d2f.o(.text)
    __aeabi_uidiv                            0x0800077f   Thumb Code     0  uidiv.o(.text)
    __aeabi_uidivmod                         0x0800077f   Thumb Code    44  uidiv.o(.text)
    __aeabi_uldivmod                         0x080007ab   Thumb Code    98  uldiv.o(.text)
    __aeabi_llsl                             0x0800080d   Thumb Code    30  llshl.o(.text)
    _ll_shift_l                              0x0800080d   Thumb Code     0  llshl.o(.text)
    __aeabi_lasr                             0x0800082b   Thumb Code    36  llsshr.o(.text)
    _ll_sshift_r                             0x0800082b   Thumb Code     0  llsshr.o(.text)
    __I$use$fp                               0x0800084f   Thumb Code     0  iusefp.o(.text)
    _float_round                             0x0800084f   Thumb Code    18  fepilogue.o(.text)
    _float_epilogue                          0x08000861   Thumb Code    92  fepilogue.o(.text)
    _double_round                            0x080008bd   Thumb Code    30  depilogue.o(.text)
    _double_epilogue                         0x080008db   Thumb Code   156  depilogue.o(.text)
    __ARM_scalbn                             0x08000977   Thumb Code    46  dscalb.o(.text)
    scalbn                                   0x08000977   Thumb Code     0  dscalb.o(.text)
    __aeabi_d2ulz                            0x080009a5   Thumb Code    48  dfixul.o(.text)
    __aeabi_cdcmpeq                          0x080009d5   Thumb Code     0  cdcmple.o(.text)
    __aeabi_cdcmple                          0x080009d5   Thumb Code    48  cdcmple.o(.text)
    __aeabi_cdrcmple                         0x08000a05   Thumb Code    48  cdrcmple.o(.text)
    __scatterload                            0x08000a35   Thumb Code    28  init.o(.text)
    __scatterload_rt2                        0x08000a35   Thumb Code     0  init.o(.text)
    __aeabi_llsr                             0x08000a59   Thumb Code    32  llushr.o(.text)
    _ll_ushift_r                             0x08000a59   Thumb Code     0  llushr.o(.text)
    _dsqrt                                   0x08000a79   Thumb Code   162  dsqrt.o(.text)
    BusFault_Handler                         0x08000b1d   Thumb Code     2  stm32f1xx_it.o(.text.BusFault_Handler)
    DebugMon_Handler                         0x08000b21   Thumb Code     2  stm32f1xx_it.o(.text.DebugMon_Handler)
    Error_Handler                            0x08000b25   Thumb Code    10  main.o(.text.Error_Handler)
    HAL_DMA_Abort                            0x08000b31   Thumb Code    70  stm32f1xx_hal_dma.o(.text.HAL_DMA_Abort)
    HAL_DMA_Abort_IT                         0x08000b79   Thumb Code   178  stm32f1xx_hal_dma.o(.text.HAL_DMA_Abort_IT)
    HAL_Delay                                0x08000c2d   Thumb Code    40  stm32f1xx_hal.o(.text.HAL_Delay)
    HAL_GPIO_Init                            0x08000c55   Thumb Code   538  stm32f1xx_hal_gpio.o(.text.HAL_GPIO_Init)
    HAL_GPIO_ReadPin                         0x08000e71   Thumb Code    10  stm32f1xx_hal_gpio.o(.text.HAL_GPIO_ReadPin)
    HAL_GPIO_TogglePin                       0x08000e7d   Thumb Code    16  stm32f1xx_hal_gpio.o(.text.HAL_GPIO_TogglePin)
    HAL_GPIO_WritePin                        0x08000e8d   Thumb Code    10  stm32f1xx_hal_gpio.o(.text.HAL_GPIO_WritePin)
    HAL_GetTick                              0x08000e99   Thumb Code    12  stm32f1xx_hal.o(.text.HAL_GetTick)
    HAL_IncTick                              0x08000ea5   Thumb Code    26  stm32f1xx_hal.o(.text.HAL_IncTick)
    HAL_Init                                 0x08000ec1   Thumb Code    38  stm32f1xx_hal.o(.text.HAL_Init)
    HAL_InitTick                             0x08000ee9   Thumb Code    72  stm32f1xx_hal.o(.text.HAL_InitTick)
    HAL_MspInit                              0x08000f31   Thumb Code    50  stm32f1xx_hal_msp.o(.text.HAL_MspInit)
    HAL_NVIC_EnableIRQ                       0x08000f65   Thumb Code    38  stm32f1xx_hal_cortex.o(.text.HAL_NVIC_EnableIRQ)
    HAL_NVIC_SetPriority                     0x08000f8d   Thumb Code    86  stm32f1xx_hal_cortex.o(.text.HAL_NVIC_SetPriority)
    HAL_NVIC_SetPriorityGrouping             0x08000fe5   Thumb Code    32  stm32f1xx_hal_cortex.o(.text.HAL_NVIC_SetPriorityGrouping)
    HAL_RCC_ClockConfig                      0x08001005   Thumb Code   446  stm32f1xx_hal_rcc.o(.text.HAL_RCC_ClockConfig)
    HAL_RCC_GetPCLK1Freq                     0x080011c5   Thumb Code    38  stm32f1xx_hal_rcc.o(.text.HAL_RCC_GetPCLK1Freq)
    HAL_RCC_GetPCLK2Freq                     0x080011ed   Thumb Code    38  stm32f1xx_hal_rcc.o(.text.HAL_RCC_GetPCLK2Freq)
    HAL_RCC_OscConfig                        0x08001215   Thumb Code   948  stm32f1xx_hal_rcc.o(.text.HAL_RCC_OscConfig)
    HAL_SYSTICK_Config                       0x080015c9   Thumb Code    44  stm32f1xx_hal_cortex.o(.text.HAL_SYSTICK_Config)
    HAL_TIMEx_BreakCallback                  0x080015f5   Thumb Code     2  stm32f1xx_hal_tim_ex.o(.text.HAL_TIMEx_BreakCallback)
    HAL_TIMEx_CommutCallback                 0x080015f9   Thumb Code     2  stm32f1xx_hal_tim_ex.o(.text.HAL_TIMEx_CommutCallback)
    HAL_TIMEx_MasterConfigSynchronization    0x080015fd   Thumb Code   122  stm32f1xx_hal_tim_ex.o(.text.HAL_TIMEx_MasterConfigSynchronization)
    HAL_TIM_Base_Init                        0x08001679   Thumb Code   236  stm32f1xx_hal_tim.o(.text.HAL_TIM_Base_Init)
    HAL_TIM_Base_MspInit                     0x08001765   Thumb Code    70  tim.o(.text.HAL_TIM_Base_MspInit)
    HAL_TIM_Base_Start_IT                    0x080017ad   Thumb Code   110  stm32f1xx_hal_tim.o(.text.HAL_TIM_Base_Start_IT)
    HAL_TIM_ConfigClockSource                0x0800181d   Thumb Code   412  stm32f1xx_hal_tim.o(.text.HAL_TIM_ConfigClockSource)
    HAL_TIM_IC_CaptureCallback               0x080019b9   Thumb Code     2  stm32f1xx_hal_tim.o(.text.HAL_TIM_IC_CaptureCallback)
    HAL_TIM_IRQHandler                       0x080019bd   Thumb Code   368  stm32f1xx_hal_tim.o(.text.HAL_TIM_IRQHandler)
    HAL_TIM_OC_DelayElapsedCallback          0x08001b2d   Thumb Code     2  stm32f1xx_hal_tim.o(.text.HAL_TIM_OC_DelayElapsedCallback)
    HAL_TIM_PWM_PulseFinishedCallback        0x08001b31   Thumb Code     2  stm32f1xx_hal_tim.o(.text.HAL_TIM_PWM_PulseFinishedCallback)
    HAL_TIM_PeriodElapsedCallback            0x08001b35   Thumb Code   208  main.o(.text.HAL_TIM_PeriodElapsedCallback)
    HAL_TIM_TriggerCallback                  0x08001c21   Thumb Code     2  stm32f1xx_hal_tim.o(.text.HAL_TIM_TriggerCallback)
    HAL_UARTEx_RxEventCallback               0x08001c25   Thumb Code     2  stm32f1xx_hal_uart.o(.text.HAL_UARTEx_RxEventCallback)
    HAL_UART_ErrorCallback                   0x08001c29   Thumb Code     2  stm32f1xx_hal_uart.o(.text.HAL_UART_ErrorCallback)
    HAL_UART_IRQHandler                      0x08001c2d   Thumb Code  1376  stm32f1xx_hal_uart.o(.text.HAL_UART_IRQHandler)
    HAL_UART_Init                            0x0800218d   Thumb Code   226  stm32f1xx_hal_uart.o(.text.HAL_UART_Init)
    HAL_UART_MspInit                         0x08002271   Thumb Code   250  usart.o(.text.HAL_UART_MspInit)
    HAL_UART_RxCpltCallback                  0x0800236d   Thumb Code     2  stm32f1xx_hal_uart.o(.text.HAL_UART_RxCpltCallback)
    HAL_UART_Transmit                        0x08002371   Thumb Code   632  stm32f1xx_hal_uart.o(.text.HAL_UART_Transmit)
    HAL_UART_TxCpltCallback                  0x080025e9   Thumb Code     2  stm32f1xx_hal_uart.o(.text.HAL_UART_TxCpltCallback)
    HardFault_Handler                        0x080025ed   Thumb Code     2  stm32f1xx_it.o(.text.HardFault_Handler)
    IIC_GPIO_Init                            0x080025f1   Thumb Code   100  iic.o(.text.IIC_GPIO_Init)
    IIC_Read_Byte                            0x08002655   Thumb Code   498  iic.o(.text.IIC_Read_Byte)
    IIC_Send_Byte                            0x08002849   Thumb Code   330  iic.o(.text.IIC_Send_Byte)
    IIC_Start                                0x08002995   Thumb Code    62  iic.o(.text.IIC_Start)
    IIC_Stop                                 0x080029d5   Thumb Code    50  iic.o(.text.IIC_Stop)
    IIC_Wait_Ack                             0x08002a09   Thumb Code    70  iic.o(.text.IIC_Wait_Ack)
    MPU_Get_Accelerometer                    0x08002a51   Thumb Code    66  mpu6050.o(.text.MPU_Get_Accelerometer)
    MPU_Get_Gyroscope                        0x08002a95   Thumb Code    66  mpu6050.o(.text.MPU_Get_Gyroscope)
    MPU_Init                                 0x08002ad9   Thumb Code   188  mpu6050.o(.text.MPU_Init)
    MPU_Read_Len                             0x08002b95   Thumb Code   112  mpu6050.o(.text.MPU_Read_Len)
    MPU_Write_Byte                           0x08002c05   Thumb Code    68  mpu6050.o(.text.MPU_Write_Byte)
    MPU_Write_Len                            0x08002c49   Thumb Code    90  mpu6050.o(.text.MPU_Write_Len)
    MX_GPIO_Init                             0x08002ca5   Thumb Code   182  gpio.o(.text.MX_GPIO_Init)
    MX_TIM1_Init                             0x08002d5d   Thumb Code   124  tim.o(.text.MX_TIM1_Init)
    MX_USART1_UART_Init                      0x08002dd9   Thumb Code    60  usart.o(.text.MX_USART1_UART_Init)
    MX_USART2_UART_Init                      0x08002e15   Thumb Code    60  usart.o(.text.MX_USART2_UART_Init)
    MemManage_Handler                        0x08002e51   Thumb Code     2  stm32f1xx_it.o(.text.MemManage_Handler)
    NMI_Handler                              0x08002e55   Thumb Code     2  stm32f1xx_it.o(.text.NMI_Handler)
    PendSV_Handler                           0x08002e59   Thumb Code     2  stm32f1xx_it.o(.text.PendSV_Handler)
    SVC_Handler                              0x08002e5d   Thumb Code     2  stm32f1xx_it.o(.text.SVC_Handler)
    SysTick_Handler                          0x08002e61   Thumb Code     4  stm32f1xx_it.o(.text.SysTick_Handler)
    SystemInit                               0x08002e65   Thumb Code     2  system_stm32f1xx.o(.text.SystemInit)
    TIM1_UP_IRQHandler                       0x08002e69   Thumb Code    12  stm32f1xx_it.o(.text.TIM1_UP_IRQHandler)
    USART2_IRQHandler                        0x08002f81   Thumb Code    12  stm32f1xx_it.o(.text.USART2_IRQHandler)
    UsageFault_Handler                       0x08002f8d   Thumb Code     2  stm32f1xx_it.o(.text.UsageFault_Handler)
    dmp_enable_feature                       0x08002f91   Thumb Code   670  inv_mpu_dmp_motion_driver.o(.text.dmp_enable_feature)
    dmp_load_motion_driver_firmware          0x08003231   Thumb Code    22  inv_mpu_dmp_motion_driver.o(.text.dmp_load_motion_driver_firmware)
    dmp_read_fifo                            0x08003249   Thumb Code   468  inv_mpu_dmp_motion_driver.o(.text.dmp_read_fifo)
    dmp_set_accel_bias                       0x0800341d   Thumb Code   192  inv_mpu_dmp_motion_driver.o(.text.dmp_set_accel_bias)
    dmp_set_fifo_rate                        0x080034dd   Thumb Code   112  inv_mpu_dmp_motion_driver.o(.text.dmp_set_fifo_rate)
    dmp_set_gyro_bias                        0x0800354d   Thumb Code   224  inv_mpu_dmp_motion_driver.o(.text.dmp_set_gyro_bias)
    dmp_set_orientation                      0x0800362d   Thumb Code   232  inv_mpu_dmp_motion_driver.o(.text.dmp_set_orientation)
    dmp_set_tap_thresh                       0x08003715   Thumb Code   294  inv_mpu_dmp_motion_driver.o(.text.dmp_set_tap_thresh)
    fputc                                    0x0800383d   Thumb Code    32  main.o(.text.fputc)
    inv_orientation_matrix_to_scalar         0x08003b91   Thumb Code   220  inv_mpu.o(.text.inv_orientation_matrix_to_scalar)
    main                                     0x08003c6d   Thumb Code   168  main.o(.text.main)
    mget_ms                                  0x08003d29   Thumb Code     2  inv_mpu.o(.text.mget_ms)
    mpu_configure_fifo                       0x08003d2d   Thumb Code   176  inv_mpu.o(.text.mpu_configure_fifo)
    mpu_dmp_get_data                         0x08003ddd   Thumb Code   474  inv_mpu.o(.text.mpu_dmp_get_data)
    mpu_dmp_init                             0x08003fb9   Thumb Code   250  inv_mpu.o(.text.mpu_dmp_init)
    mpu_get_accel_fsr                        0x080040b5   Thumb Code    60  inv_mpu.o(.text.mpu_get_accel_fsr)
    mpu_get_accel_sens                       0x080040f1   Thumb Code    52  inv_mpu.o(.text.mpu_get_accel_sens)
    mpu_init                                 0x08004135   Thumb Code   384  inv_mpu.o(.text.mpu_init)
    mpu_load_firmware                        0x080042fd   Thumb Code   326  inv_mpu.o(.text.mpu_load_firmware)
    mpu_lp_accel_mode                        0x08004445   Thumb Code   540  inv_mpu.o(.text.mpu_lp_accel_mode)
    mpu_read_fifo_stream                     0x08004661   Thumb Code   190  inv_mpu.o(.text.mpu_read_fifo_stream)
    mpu_reset_fifo                           0x08004721   Thumb Code   386  inv_mpu.o(.text.mpu_reset_fifo)
    mpu_run_self_test                        0x080048a5   Thumb Code  2328  inv_mpu.o(.text.mpu_run_self_test)
    mpu_set_accel_fsr                        0x080051dd   Thumb Code   154  inv_mpu.o(.text.mpu_set_accel_fsr)
    mpu_set_bypass                           0x08005279   Thumb Code   238  inv_mpu.o(.text.mpu_set_bypass)
    mpu_set_dmp_state                        0x08005369   Thumb Code   224  inv_mpu.o(.text.mpu_set_dmp_state)
    mpu_set_lpf                              0x08005449   Thumb Code   156  inv_mpu.o(.text.mpu_set_lpf)
    mpu_set_sample_rate                      0x080054e5   Thumb Code   326  inv_mpu.o(.text.mpu_set_sample_rate)
    mpu_set_sensors                          0x0800562d   Thumb Code   234  inv_mpu.o(.text.mpu_set_sensors)
    mpu_write_mem                            0x08005719   Thumb Code   100  inv_mpu.o(.text.mpu_write_mem)
    run_self_test                            0x0800577d   Thumb Code   212  inv_mpu.o(.text.run_self_test)
    __0printf                                0x08005871   Thumb Code    22  printfa.o(i.__0printf)
    __1printf                                0x08005871   Thumb Code     0  printfa.o(i.__0printf)
    __2printf                                0x08005871   Thumb Code     0  printfa.o(i.__0printf)
    __c89printf                              0x08005871   Thumb Code     0  printfa.o(i.__0printf)
    printf                                   0x08005871   Thumb Code     0  printfa.o(i.__0printf)
    __ARM_fpclassify                         0x08005891   Thumb Code    40  fpclassify.o(i.__ARM_fpclassify)
    __kernel_poly                            0x080058b9   Thumb Code   170  poly.o(i.__kernel_poly)
    __mathlib_dbl_infnan                     0x08005963   Thumb Code     6  dunder.o(i.__mathlib_dbl_infnan)
    __mathlib_dbl_infnan2                    0x08005969   Thumb Code     4  dunder.o(i.__mathlib_dbl_infnan2)
    __mathlib_dbl_invalid                    0x0800596d   Thumb Code    12  dunder.o(i.__mathlib_dbl_invalid)
    __mathlib_dbl_underflow                  0x08005979   Thumb Code    10  dunder.o(i.__mathlib_dbl_underflow)
    __scatterload_copy                       0x08005989   Thumb Code    14  handlers.o(i.__scatterload_copy)
    __scatterload_null                       0x08005997   Thumb Code     2  handlers.o(i.__scatterload_null)
    __scatterload_zeroinit                   0x08005999   Thumb Code    14  handlers.o(i.__scatterload_zeroinit)
    __set_errno                              0x080059a9   Thumb Code     6  errno.o(i.__set_errno)
    asin                                     0x08006269   Thumb Code   572  asin.o(i.asin)
    atan                                     0x080064d9   Thumb Code   474  atan.o(i.atan)
    atan2                                    0x080066f9   Thumb Code   374  atan2.o(i.atan2)
    puts                                     0x08006895   Thumb Code    30  puts.o(i.puts)
    sqrt                                     0x080068b9   Thumb Code    76  sqrt.o(i.sqrt)
    __mathlib_zero                           0x080069f0   Data           8  qnan.o(.constdata)
    AHBPrescTable                            0x080069fe   Data          16  system_stm32f1xx.o(.rodata.AHBPrescTable)
    APBPrescTable                            0x08006a0e   Data           8  system_stm32f1xx.o(.rodata.APBPrescTable)
    hw                                       0x0800761e   Data          12  inv_mpu.o(.rodata.hw)
    reg                                      0x0800762a   Data          27  inv_mpu.o(.rodata.reg)
    test                                     0x08007694   Data          40  inv_mpu.o(.rodata.test)
    Region$$Table$$Base                      0x080076bc   Number         0  anon$$obj.o(Region$$Table)
    Region$$Table$$Limit                     0x080076dc   Number         0  anon$$obj.o(Region$$Table)
    __stdout                                 0x20000000   Data           4  stdout.o(.data)
    uwTickFreq                               0x20000008   Data           1  stm32f1xx_hal.o(.data..L_MergedGlobals)
    uwTickPrio                               0x2000000c   Data           4  stm32f1xx_hal.o(.data..L_MergedGlobals)
    SystemCoreClock                          0x20000048   Data           4  system_stm32f1xx.o(.data.SystemCoreClock)
    aacx                                     0x20000050   Data           2  main.o(.bss..L_MergedGlobals)
    aacy                                     0x20000052   Data           2  main.o(.bss..L_MergedGlobals)
    aacz                                     0x20000054   Data           2  main.o(.bss..L_MergedGlobals)
    gyrox                                    0x20000056   Data           2  main.o(.bss..L_MergedGlobals)
    gyroy                                    0x20000058   Data           2  main.o(.bss..L_MergedGlobals)
    gyroz                                    0x2000005a   Data           2  main.o(.bss..L_MergedGlobals)
    pitch                                    0x2000005c   Data           4  main.o(.bss..L_MergedGlobals)
    roll                                     0x20000060   Data           4  main.o(.bss..L_MergedGlobals)
    yaw                                      0x20000064   Data           4  main.o(.bss..L_MergedGlobals)
    ax                                       0x20000068   Data           4  main.o(.bss..L_MergedGlobals)
    ay                                       0x2000006c   Data           4  main.o(.bss..L_MergedGlobals)
    az                                       0x20000070   Data           4  main.o(.bss..L_MergedGlobals)
    htim1                                    0x2000008c   Data          72  tim.o(.bss.htim1)
    huart1                                   0x200000d4   Data          72  usart.o(.bss.huart1)
    huart2                                   0x2000011c   Data          72  usart.o(.bss.huart2)
    uwTick                                   0x20000164   Data           4  stm32f1xx_hal.o(.bss.uwTick)
    __initial_sp                             0x20000568   Data           0  startup_stm32f103xb.o(STACK)



==============================================================================

Memory Map of the image

  Image Entry point : 0x080000ed

  Load Region LR_IROM1 (Base: 0x08000000, Size: 0x00007730, Max: 0x00010000, ABSOLUTE)

    Execution Region ER_IROM1 (Exec base: 0x08000000, Load base: 0x08000000, Size: 0x000076dc, Max: 0x00010000, ABSOLUTE)

    Exec Addr    Load Addr    Size         Type   Attr      Idx    E Section Name        Object

    0x08000000   0x08000000   0x000000ec   Data   RO            3    RESET               startup_stm32f103xb.o
    0x080000ec   0x080000ec   0x00000000   Code   RO         1165  * .ARM.Collect$$$$00000000  mc_w.l(entry.o)
    0x080000ec   0x080000ec   0x00000004   Code   RO         1499    .ARM.Collect$$$$00000001  mc_w.l(entry2.o)
    0x080000f0   0x080000f0   0x00000004   Code   RO         1502    .ARM.Collect$$$$00000004  mc_w.l(entry5.o)
    0x080000f4   0x080000f4   0x00000000   Code   RO         1504    .ARM.Collect$$$$00000008  mc_w.l(entry7b.o)
    0x080000f4   0x080000f4   0x00000000   Code   RO         1506    .ARM.Collect$$$$0000000A  mc_w.l(entry8b.o)
    0x080000f4   0x080000f4   0x00000008   Code   RO         1507    .ARM.Collect$$$$0000000B  mc_w.l(entry9a.o)
    0x080000fc   0x080000fc   0x00000000   Code   RO         1509    .ARM.Collect$$$$0000000D  mc_w.l(entry10a.o)
    0x080000fc   0x080000fc   0x00000000   Code   RO         1511    .ARM.Collect$$$$0000000F  mc_w.l(entry11a.o)
    0x080000fc   0x080000fc   0x00000004   Code   RO         1500    .ARM.Collect$$$$00002712  mc_w.l(entry2.o)
    0x08000100   0x08000100   0x00000024   Code   RO            4    .text               startup_stm32f103xb.o
    0x08000124   0x08000124   0x00000062   Code   RO         1172    .text               mc_w.l(ldiv.o)
    0x08000186   0x08000186   0x0000001a   Code   RO         1174    .text               mc_w.l(memcmp.o)
    0x080001a0   0x080001a0   0x000000b0   Code   RO         1437    .text               mf_w.l(fadd.o)
    0x08000250   0x08000250   0x00000064   Code   RO         1439    .text               mf_w.l(fmul.o)
    0x080002b4   0x080002b4   0x0000007c   Code   RO         1441    .text               mf_w.l(fdiv.o)
    0x08000330   0x08000330   0x0000014e   Code   RO         1443    .text               mf_w.l(dadd.o)
    0x0800047e   0x0800047e   0x000000e4   Code   RO         1445    .text               mf_w.l(dmul.o)
    0x08000562   0x08000562   0x000000de   Code   RO         1447    .text               mf_w.l(ddiv.o)
    0x08000640   0x08000640   0x0000001c   Code   RO         1449    .text               mf_w.l(fcmple.o)
    0x0800065c   0x0800065c   0x0000001c   Code   RO         1451    .text               mf_w.l(fcmplt.o)
    0x08000678   0x08000678   0x0000001c   Code   RO         1455    .text               mf_w.l(fcmpgt.o)
    0x08000694   0x08000694   0x0000001c   Code   RO         1457    .text               mf_w.l(fcmpeq.o)
    0x080006b0   0x080006b0   0x00000012   Code   RO         1459    .text               mf_w.l(fflti.o)
    0x080006c2   0x080006c2   0x0000000a   Code   RO         1461    .text               mf_w.l(ffltui.o)
    0x080006cc   0x080006cc   0x00000022   Code   RO         1463    .text               mf_w.l(dflti.o)
    0x080006ee   0x080006ee   0x00000032   Code   RO         1465    .text               mf_w.l(ffixi.o)
    0x08000720   0x08000720   0x00000026   Code   RO         1467    .text               mf_w.l(f2d.o)
    0x08000746   0x08000746   0x00000038   Code   RO         1469    .text               mf_w.l(d2f.o)
    0x0800077e   0x0800077e   0x0000002c   Code   RO         1523    .text               mc_w.l(uidiv.o)
    0x080007aa   0x080007aa   0x00000062   Code   RO         1525    .text               mc_w.l(uldiv.o)
    0x0800080c   0x0800080c   0x0000001e   Code   RO         1527    .text               mc_w.l(llshl.o)
    0x0800082a   0x0800082a   0x00000024   Code   RO         1529    .text               mc_w.l(llsshr.o)
    0x0800084e   0x0800084e   0x00000000   Code   RO         1538    .text               mc_w.l(iusefp.o)
    0x0800084e   0x0800084e   0x0000006e   Code   RO         1539    .text               mf_w.l(fepilogue.o)
    0x080008bc   0x080008bc   0x000000ba   Code   RO         1541    .text               mf_w.l(depilogue.o)
    0x08000976   0x08000976   0x0000002e   Code   RO         1543    .text               mf_w.l(dscalb.o)
    0x080009a4   0x080009a4   0x00000030   Code   RO         1545    .text               mf_w.l(dfixul.o)
    0x080009d4   0x080009d4   0x00000030   Code   RO         1547    .text               mf_w.l(cdcmple.o)
    0x08000a04   0x08000a04   0x00000030   Code   RO         1549    .text               mf_w.l(cdrcmple.o)
    0x08000a34   0x08000a34   0x00000024   Code   RO         1551    .text               mc_w.l(init.o)
    0x08000a58   0x08000a58   0x00000020   Code   RO         1553    .text               mc_w.l(llushr.o)
    0x08000a78   0x08000a78   0x000000a2   Code   RO         1555    .text               mf_w.l(dsqrt.o)
    0x08000b1a   0x08000b1a   0x00000002   PAD
    0x08000b1c   0x08000b1c   0x00000002   Code   RO           84    .text.BusFault_Handler  stm32f1xx_it.o
    0x08000b1e   0x08000b1e   0x00000002   PAD
    0x08000b20   0x08000b20   0x00000002   Code   RO           90    .text.DebugMon_Handler  stm32f1xx_it.o
    0x08000b22   0x08000b22   0x00000002   PAD
    0x08000b24   0x08000b24   0x0000000a   Code   RO           15    .text.Error_Handler  main.o
    0x08000b2e   0x08000b2e   0x00000002   PAD
    0x08000b30   0x08000b30   0x00000046   Code   RO          592    .text.HAL_DMA_Abort  stm32f1xx_hal_dma.o
    0x08000b76   0x08000b76   0x00000002   PAD
    0x08000b78   0x08000b78   0x000000b2   Code   RO          594    .text.HAL_DMA_Abort_IT  stm32f1xx_hal_dma.o
    0x08000c2a   0x08000c2a   0x00000002   PAD
    0x08000c2c   0x08000c2c   0x00000028   Code   RO          468    .text.HAL_Delay     stm32f1xx_hal.o
    0x08000c54   0x08000c54   0x0000021a   Code   RO          560    .text.HAL_GPIO_Init  stm32f1xx_hal_gpio.o
    0x08000e6e   0x08000e6e   0x00000002   PAD
    0x08000e70   0x08000e70   0x0000000a   Code   RO          564    .text.HAL_GPIO_ReadPin  stm32f1xx_hal_gpio.o
    0x08000e7a   0x08000e7a   0x00000002   PAD
    0x08000e7c   0x08000e7c   0x00000010   Code   RO          568    .text.HAL_GPIO_TogglePin  stm32f1xx_hal_gpio.o
    0x08000e8c   0x08000e8c   0x0000000a   Code   RO          566    .text.HAL_GPIO_WritePin  stm32f1xx_hal_gpio.o
    0x08000e96   0x08000e96   0x00000002   PAD
    0x08000e98   0x08000e98   0x0000000c   Code   RO          460    .text.HAL_GetTick   stm32f1xx_hal.o
    0x08000ea4   0x08000ea4   0x0000001a   Code   RO          458    .text.HAL_IncTick   stm32f1xx_hal.o
    0x08000ebe   0x08000ebe   0x00000002   PAD
    0x08000ec0   0x08000ec0   0x00000026   Code   RO          448    .text.HAL_Init      stm32f1xx_hal.o
    0x08000ee6   0x08000ee6   0x00000002   PAD
    0x08000ee8   0x08000ee8   0x00000048   Code   RO          450    .text.HAL_InitTick  stm32f1xx_hal.o
    0x08000f30   0x08000f30   0x00000032   Code   RO          107    .text.HAL_MspInit   stm32f1xx_hal_msp.o
    0x08000f62   0x08000f62   0x00000002   PAD
    0x08000f64   0x08000f64   0x00000026   Code   RO          620    .text.HAL_NVIC_EnableIRQ  stm32f1xx_hal_cortex.o
    0x08000f8a   0x08000f8a   0x00000002   PAD
    0x08000f8c   0x08000f8c   0x00000056   Code   RO          618    .text.HAL_NVIC_SetPriority  stm32f1xx_hal_cortex.o
    0x08000fe2   0x08000fe2   0x00000002   PAD
    0x08000fe4   0x08000fe4   0x00000020   Code   RO          616    .text.HAL_NVIC_SetPriorityGrouping  stm32f1xx_hal_cortex.o
    0x08001004   0x08001004   0x000001be   Code   RO          512    .text.HAL_RCC_ClockConfig  stm32f1xx_hal_rcc.o
    0x080011c2   0x080011c2   0x00000002   PAD
    0x080011c4   0x080011c4   0x00000026   Code   RO          524    .text.HAL_RCC_GetPCLK1Freq  stm32f1xx_hal_rcc.o
    0x080011ea   0x080011ea   0x00000002   PAD
    0x080011ec   0x080011ec   0x00000026   Code   RO          526    .text.HAL_RCC_GetPCLK2Freq  stm32f1xx_hal_rcc.o
    0x08001212   0x08001212   0x00000002   PAD
    0x08001214   0x08001214   0x000003b4   Code   RO          510    .text.HAL_RCC_OscConfig  stm32f1xx_hal_rcc.o
    0x080015c8   0x080015c8   0x0000002c   Code   RO          628    .text.HAL_SYSTICK_Config  stm32f1xx_hal_cortex.o
    0x080015f4   0x080015f4   0x00000002   Code   RO          434    .text.HAL_TIMEx_BreakCallback  stm32f1xx_hal_tim_ex.o
    0x080015f6   0x080015f6   0x00000002   PAD
    0x080015f8   0x080015f8   0x00000002   Code   RO          430    .text.HAL_TIMEx_CommutCallback  stm32f1xx_hal_tim_ex.o
    0x080015fa   0x080015fa   0x00000002   PAD
    0x080015fc   0x080015fc   0x0000007a   Code   RO          424    .text.HAL_TIMEx_MasterConfigSynchronization  stm32f1xx_hal_tim_ex.o
    0x08001676   0x08001676   0x00000002   PAD
    0x08001678   0x08001678   0x000000ec   Code   RO          129    .text.HAL_TIM_Base_Init  stm32f1xx_hal_tim.o
    0x08001764   0x08001764   0x00000046   Code   RO           47    .text.HAL_TIM_Base_MspInit  tim.o
    0x080017aa   0x080017aa   0x00000002   PAD
    0x080017ac   0x080017ac   0x0000006e   Code   RO          143    .text.HAL_TIM_Base_Start_IT  stm32f1xx_hal_tim.o
    0x0800181a   0x0800181a   0x00000002   PAD
    0x0800181c   0x0800181c   0x0000019c   Code   RO          309    .text.HAL_TIM_ConfigClockSource  stm32f1xx_hal_tim.o
    0x080019b8   0x080019b8   0x00000002   Code   RO          265    .text.HAL_TIM_IC_CaptureCallback  stm32f1xx_hal_tim.o
    0x080019ba   0x080019ba   0x00000002   PAD
    0x080019bc   0x080019bc   0x00000170   Code   RO          263    .text.HAL_TIM_IRQHandler  stm32f1xx_hal_tim.o
    0x08001b2c   0x08001b2c   0x00000002   Code   RO          267    .text.HAL_TIM_OC_DelayElapsedCallback  stm32f1xx_hal_tim.o
    0x08001b2e   0x08001b2e   0x00000002   PAD
    0x08001b30   0x08001b30   0x00000002   Code   RO          269    .text.HAL_TIM_PWM_PulseFinishedCallback  stm32f1xx_hal_tim.o
    0x08001b32   0x08001b32   0x00000002   PAD
    0x08001b34   0x08001b34   0x000000ec   Code   RO           19    .text.HAL_TIM_PeriodElapsedCallback  main.o
    0x08001c20   0x08001c20   0x00000002   Code   RO          273    .text.HAL_TIM_TriggerCallback  stm32f1xx_hal_tim.o
    0x08001c22   0x08001c22   0x00000002   PAD
    0x08001c24   0x08001c24   0x00000002   Code   RO          865    .text.HAL_UARTEx_RxEventCallback  stm32f1xx_hal_uart.o
    0x08001c26   0x08001c26   0x00000002   PAD
    0x08001c28   0x08001c28   0x00000002   Code   RO          863    .text.HAL_UART_ErrorCallback  stm32f1xx_hal_uart.o
    0x08001c2a   0x08001c2a   0x00000002   PAD
    0x08001c2c   0x08001c2c   0x00000560   Code   RO          857    .text.HAL_UART_IRQHandler  stm32f1xx_hal_uart.o
    0x0800218c   0x0800218c   0x000000e2   Code   RO          781    .text.HAL_UART_Init  stm32f1xx_hal_uart.o
    0x0800226e   0x0800226e   0x00000002   PAD
    0x08002270   0x08002270   0x000000fa   Code   RO           64    .text.HAL_UART_MspInit  usart.o
    0x0800236a   0x0800236a   0x00000002   PAD
    0x0800236c   0x0800236c   0x00000002   Code   RO          871    .text.HAL_UART_RxCpltCallback  stm32f1xx_hal_uart.o
    0x0800236e   0x0800236e   0x00000002   PAD
    0x08002370   0x08002370   0x00000278   Code   RO          795    .text.HAL_UART_Transmit  stm32f1xx_hal_uart.o
    0x080025e8   0x080025e8   0x00000002   Code   RO          867    .text.HAL_UART_TxCpltCallback  stm32f1xx_hal_uart.o
    0x080025ea   0x080025ea   0x00000002   PAD
    0x080025ec   0x080025ec   0x00000002   Code   RO           80    .text.HardFault_Handler  stm32f1xx_it.o
    0x080025ee   0x080025ee   0x00000002   PAD
    0x080025f0   0x080025f0   0x00000064   Code   RO          930    .text.IIC_GPIO_Init  iic.o
    0x08002654   0x08002654   0x000001f2   Code   RO          922    .text.IIC_Read_Byte  iic.o
    0x08002846   0x08002846   0x00000002   PAD
    0x08002848   0x08002848   0x0000014a   Code   RO          920    .text.IIC_Send_Byte  iic.o
    0x08002992   0x08002992   0x00000002   PAD
    0x08002994   0x08002994   0x0000003e   Code   RO          916    .text.IIC_Start     iic.o
    0x080029d2   0x080029d2   0x00000002   PAD
    0x080029d4   0x080029d4   0x00000032   Code   RO          918    .text.IIC_Stop      iic.o
    0x08002a06   0x08002a06   0x00000002   PAD
    0x08002a08   0x08002a08   0x00000046   Code   RO          928    .text.IIC_Wait_Ack  iic.o
    0x08002a4e   0x08002a4e   0x00000002   PAD
    0x08002a50   0x08002a50   0x00000042   Code   RO         1145    .text.MPU_Get_Accelerometer  mpu6050.o
    0x08002a92   0x08002a92   0x00000002   PAD
    0x08002a94   0x08002a94   0x00000042   Code   RO         1143    .text.MPU_Get_Gyroscope  mpu6050.o
    0x08002ad6   0x08002ad6   0x00000002   PAD
    0x08002ad8   0x08002ad8   0x000000bc   Code   RO         1125    .text.MPU_Init      mpu6050.o
    0x08002b94   0x08002b94   0x00000070   Code   RO         1141    .text.MPU_Read_Len  mpu6050.o
    0x08002c04   0x08002c04   0x00000044   Code   RO         1127    .text.MPU_Write_Byte  mpu6050.o
    0x08002c48   0x08002c48   0x0000005a   Code   RO         1147    .text.MPU_Write_Len  mpu6050.o
    0x08002ca2   0x08002ca2   0x00000002   PAD
    0x08002ca4   0x08002ca4   0x000000b6   Code   RO           36    .text.MX_GPIO_Init  gpio.o
    0x08002d5a   0x08002d5a   0x00000002   PAD
    0x08002d5c   0x08002d5c   0x0000007c   Code   RO           45    .text.MX_TIM1_Init  tim.o
    0x08002dd8   0x08002dd8   0x0000003c   Code   RO           60    .text.MX_USART1_UART_Init  usart.o
    0x08002e14   0x08002e14   0x0000003c   Code   RO           62    .text.MX_USART2_UART_Init  usart.o
    0x08002e50   0x08002e50   0x00000002   Code   RO           82    .text.MemManage_Handler  stm32f1xx_it.o
    0x08002e52   0x08002e52   0x00000002   PAD
    0x08002e54   0x08002e54   0x00000002   Code   RO           78    .text.NMI_Handler   stm32f1xx_it.o
    0x08002e56   0x08002e56   0x00000002   PAD
    0x08002e58   0x08002e58   0x00000002   Code   RO           92    .text.PendSV_Handler  stm32f1xx_it.o
    0x08002e5a   0x08002e5a   0x00000002   PAD
    0x08002e5c   0x08002e5c   0x00000002   Code   RO           88    .text.SVC_Handler   stm32f1xx_it.o
    0x08002e5e   0x08002e5e   0x00000002   PAD
    0x08002e60   0x08002e60   0x00000004   Code   RO           94    .text.SysTick_Handler  stm32f1xx_it.o
    0x08002e64   0x08002e64   0x00000002   Code   RO          901    .text.SystemInit    system_stm32f1xx.o
    0x08002e66   0x08002e66   0x00000002   PAD
    0x08002e68   0x08002e68   0x0000000c   Code   RO           96    .text.TIM1_UP_IRQHandler  stm32f1xx_it.o
    0x08002e74   0x08002e74   0x0000000c   Code   RO          861    .text.UART_DMAAbortOnError  stm32f1xx_hal_uart.o
    0x08002e80   0x08002e80   0x000000fe   Code   RO          859    .text.UART_Receive_IT  stm32f1xx_hal_uart.o
    0x08002f7e   0x08002f7e   0x00000002   PAD
    0x08002f80   0x08002f80   0x0000000c   Code   RO           98    .text.USART2_IRQHandler  stm32f1xx_it.o
    0x08002f8c   0x08002f8c   0x00000002   Code   RO           86    .text.UsageFault_Handler  stm32f1xx_it.o
    0x08002f8e   0x08002f8e   0x00000002   PAD
    0x08002f90   0x08002f90   0x0000029e   Code   RO         1089    .text.dmp_enable_feature  inv_mpu_dmp_motion_driver.o
    0x0800322e   0x0800322e   0x00000002   PAD
    0x08003230   0x08003230   0x00000016   Code   RO         1053    .text.dmp_load_motion_driver_firmware  inv_mpu_dmp_motion_driver.o
    0x08003246   0x08003246   0x00000002   PAD
    0x08003248   0x08003248   0x000001d4   Code   RO         1101    .text.dmp_read_fifo  inv_mpu_dmp_motion_driver.o
    0x0800341c   0x0800341c   0x000000c0   Code   RO         1059    .text.dmp_set_accel_bias  inv_mpu_dmp_motion_driver.o
    0x080034dc   0x080034dc   0x00000070   Code   RO         1061    .text.dmp_set_fifo_rate  inv_mpu_dmp_motion_driver.o
    0x0800354c   0x0800354c   0x000000e0   Code   RO         1057    .text.dmp_set_gyro_bias  inv_mpu_dmp_motion_driver.o
    0x0800362c   0x0800362c   0x000000e8   Code   RO         1055    .text.dmp_set_orientation  inv_mpu_dmp_motion_driver.o
    0x08003714   0x08003714   0x00000126   Code   RO         1065    .text.dmp_set_tap_thresh  inv_mpu_dmp_motion_driver.o
    0x0800383a   0x0800383a   0x00000002   PAD
    0x0800383c   0x0800383c   0x00000020   Code   RO           17    .text.fputc         main.o
    0x0800385c   0x0800385c   0x00000334   Code   RO         1010    .text.get_st_biases  inv_mpu.o
    0x08003b90   0x08003b90   0x000000dc   Code   RO         1030    .text.inv_orientation_matrix_to_scalar  inv_mpu.o
    0x08003c6c   0x08003c6c   0x000000bc   Code   RO           11    .text.main          main.o
    0x08003d28   0x08003d28   0x00000002   Code   RO          968    .text.mget_ms       inv_mpu.o
    0x08003d2a   0x08003d2a   0x00000002   PAD
    0x08003d2c   0x08003d2c   0x000000b0   Code   RO          956    .text.mpu_configure_fifo  inv_mpu.o
    0x08003ddc   0x08003ddc   0x000001da   Code   RO         1036    .text.mpu_dmp_get_data  inv_mpu.o
    0x08003fb6   0x08003fb6   0x00000002   PAD
    0x08003fb8   0x08003fb8   0x000000fa   Code   RO         1034    .text.mpu_dmp_init  inv_mpu.o
    0x080040b2   0x080040b2   0x00000002   PAD
    0x080040b4   0x080040b4   0x0000003c   Code   RO          980    .text.mpu_get_accel_fsr  inv_mpu.o
    0x080040f0   0x080040f0   0x00000044   Code   RO          992    .text.mpu_get_accel_sens  inv_mpu.o
    0x08004134   0x08004134   0x000001c8   Code   RO          946    .text.mpu_init      inv_mpu.o
    0x080042fc   0x080042fc   0x00000146   Code   RO         1016    .text.mpu_load_firmware  inv_mpu.o
    0x08004442   0x08004442   0x00000002   PAD
    0x08004444   0x08004444   0x0000021c   Code   RO          962    .text.mpu_lp_accel_mode  inv_mpu.o
    0x08004660   0x08004660   0x000000be   Code   RO         1002    .text.mpu_read_fifo_stream  inv_mpu.o
    0x0800471e   0x0800471e   0x00000002   PAD
    0x08004720   0x08004720   0x00000182   Code   RO          976    .text.mpu_reset_fifo  inv_mpu.o
    0x080048a2   0x080048a2   0x00000002   PAD
    0x080048a4   0x080048a4   0x00000938   Code   RO         1006    .text.mpu_run_self_test  inv_mpu.o
    0x080051dc   0x080051dc   0x0000009a   Code   RO          950    .text.mpu_set_accel_fsr  inv_mpu.o
    0x08005276   0x08005276   0x00000002   PAD
    0x08005278   0x08005278   0x000000ee   Code   RO          958    .text.mpu_set_bypass  inv_mpu.o
    0x08005366   0x08005366   0x00000002   PAD
    0x08005368   0x08005368   0x000000e0   Code   RO         1008    .text.mpu_set_dmp_state  inv_mpu.o
    0x08005448   0x08005448   0x0000009c   Code   RO          952    .text.mpu_set_lpf   inv_mpu.o
    0x080054e4   0x080054e4   0x00000146   Code   RO          954    .text.mpu_set_sample_rate  inv_mpu.o
    0x0800562a   0x0800562a   0x00000002   PAD
    0x0800562c   0x0800562c   0x000000ea   Code   RO          960    .text.mpu_set_sensors  inv_mpu.o
    0x08005716   0x08005716   0x00000002   PAD
    0x08005718   0x08005718   0x00000064   Code   RO         1012    .text.mpu_write_mem  inv_mpu.o
    0x0800577c   0x0800577c   0x000000f4   Code   RO         1028    .text.run_self_test  inv_mpu.o
    0x08005870   0x08005870   0x00000020   Code   RO         1409    i.__0printf         mc_w.l(printfa.o)
    0x08005890   0x08005890   0x00000028   Code   RO         1490    i.__ARM_fpclassify  m_ws.l(fpclassify.o)
    0x080058b8   0x080058b8   0x000000aa   Code   RO         1492    i.__kernel_poly     m_ws.l(poly.o)
    0x08005962   0x08005962   0x00000006   Code   RO         1477    i.__mathlib_dbl_infnan  m_ws.l(dunder.o)
    0x08005968   0x08005968   0x00000004   Code   RO         1478    i.__mathlib_dbl_infnan2  m_ws.l(dunder.o)
    0x0800596c   0x0800596c   0x0000000c   Code   RO         1479    i.__mathlib_dbl_invalid  m_ws.l(dunder.o)
    0x08005978   0x08005978   0x00000010   Code   RO         1482    i.__mathlib_dbl_underflow  m_ws.l(dunder.o)
    0x08005988   0x08005988   0x0000000e   Code   RO         1559    i.__scatterload_copy  mc_w.l(handlers.o)
    0x08005996   0x08005996   0x00000002   Code   RO         1560    i.__scatterload_null  mc_w.l(handlers.o)
    0x08005998   0x08005998   0x0000000e   Code   RO         1561    i.__scatterload_zeroinit  mc_w.l(handlers.o)
    0x080059a6   0x080059a6   0x00000002   PAD
    0x080059a8   0x080059a8   0x0000000c   Code   RO         1533    i.__set_errno       mc_w.l(errno.o)
    0x080059b4   0x080059b4   0x00000184   Code   RO         1416    i._fp_digits        mc_w.l(printfa.o)
    0x08005b38   0x08005b38   0x000006dc   Code   RO         1417    i._printf_core      mc_w.l(printfa.o)
    0x08006214   0x08006214   0x00000024   Code   RO         1418    i._printf_post_padding  mc_w.l(printfa.o)
    0x08006238   0x08006238   0x0000002e   Code   RO         1419    i._printf_pre_padding  mc_w.l(printfa.o)
    0x08006266   0x08006266   0x00000002   PAD
    0x08006268   0x08006268   0x00000270   Code   RO         1157    i.asin              m_ws.l(asin.o)
    0x080064d8   0x080064d8   0x00000220   Code   RO         1472    i.atan              m_ws.l(atan.o)
    0x080066f8   0x080066f8   0x0000019c   Code   RO         1162    i.atan2             m_ws.l(atan2.o)
    0x08006894   0x08006894   0x00000024   Code   RO         1168    i.puts              mc_w.l(puts.o)
    0x080068b8   0x080068b8   0x0000004c   Code   RO         1496    i.sqrt              m_ws.l(sqrt.o)
    0x08006904   0x08006904   0x00000004   PAD
    0x08006908   0x08006908   0x00000050   Data   RO         1158    .constdata          m_ws.l(asin.o)
    0x08006958   0x08006958   0x00000098   Data   RO         1473    .constdata          m_ws.l(atan.o)
    0x080069f0   0x080069f0   0x00000008   Data   RO         1494    .constdata          m_ws.l(qnan.o)
    0x080069f8   0x080069f8   0x00000003   Data   RO         1109    .rodata..L__const.dmp_set_orientation.accel_axes  inv_mpu_dmp_motion_driver.o
    0x080069fb   0x080069fb   0x00000003   Data   RO         1108    .rodata..L__const.dmp_set_orientation.gyro_axes  inv_mpu_dmp_motion_driver.o
    0x080069fe   0x080069fe   0x00000010   Data   RO          906    .rodata.AHBPrescTable  system_stm32f1xx.o
    0x08006a0e   0x08006a0e   0x00000008   Data   RO          907    .rodata.APBPrescTable  system_stm32f1xx.o
    0x08006a16   0x08006a16   0x00000002   Data   RO          537    .rodata.HAL_RCC_GetSysClockFreq.aPredivFactorTable  stm32f1xx_hal_rcc.o
    0x08006a18   0x08006a18   0x00000010   Data   RO          536    .rodata.cst16       stm32f1xx_hal_rcc.o
    0x08006a28   0x08006a28   0x00000bf6   Data   RO         1107    .rodata.dmp_memory  inv_mpu_dmp_motion_driver.o
    0x0800761e   0x0800761e   0x0000000c   Data   RO         1039    .rodata.hw          inv_mpu.o
    0x0800762a   0x0800762a   0x0000001b   Data   RO         1038    .rodata.reg         inv_mpu.o
    0x08007645   0x08007645   0x0000004c   Data   RO         1041    .rodata.str1.1      inv_mpu.o
    0x08007691   0x08007691   0x00000003   PAD
    0x08007694   0x08007694   0x00000028   Data   RO         1040    .rodata.test        inv_mpu.o
    0x080076bc   0x080076bc   0x00000020   Data   RO         1558    Region$$Table       anon$$obj.o


    Execution Region RW_IRAM1 (Exec base: 0x20000000, Load base: 0x080076e0, Size: 0x00000568, Max: 0x00005000, ABSOLUTE)

    Exec Addr    Load Addr    Size         Type   Attr      Idx    E Section Name        Object

    0x20000000   0x080076e0   0x00000004   Data   RW         1513    .data               mc_w.l(stdout.o)
    0x20000004   0x080076e4   0x00000004   Data   RW         1534    .data               mc_w.l(errno.o)
    0x20000008   0x080076e8   0x00000008   Data   RW          499    .data..L_MergedGlobals  stm32f1xx_hal.o
    0x20000010   0x080076f0   0x00000038   Data   RW         1044    .data..L_MergedGlobals  inv_mpu.o
    0x20000048   0x08007728   0x00000004   Data   RW          905    .data.SystemCoreClock  system_stm32f1xx.o
    0x2000004c   0x0800772c   0x00000004   PAD
    0x20000050        -       0x00000024   Zero   RW           27    .bss..L_MergedGlobals  main.o
    0x20000074        -       0x00000010   Zero   RW         1116    .bss..L_MergedGlobals  inv_mpu_dmp_motion_driver.o
    0x20000084        -       0x00000002   Zero   RW         1110    .bss.dmp.2          inv_mpu_dmp_motion_driver.o
    0x20000086   0x0800772c   0x00000002   PAD
    0x20000088        -       0x00000002   Zero   RW         1111    .bss.dmp.4          inv_mpu_dmp_motion_driver.o
    0x2000008a   0x0800772c   0x00000002   PAD
    0x2000008c        -       0x00000048   Zero   RW           51    .bss.htim1          tim.o
    0x200000d4        -       0x00000048   Zero   RW           68    .bss.huart1         usart.o
    0x2000011c        -       0x00000048   Zero   RW           69    .bss.huart2         usart.o
    0x20000164        -       0x00000004   Zero   RW          498    .bss.uwTick         stm32f1xx_hal.o
    0x20000168        -       0x00000400   Zero   RW            1    STACK               startup_stm32f103xb.o


==============================================================================

Image component sizes


      Code (inc. data)   RO Data    RW Data    ZI Data      Debug   Object Name

       182          0          0          0          0       1588   gpio.o
      1110          0          0          0          0       3890   iic.o
      8004        174        155         56          0      32954   inv_mpu.o
      2214          8       3068          0         20      10878   inv_mpu_dmp_motion_driver.o
       466         48          0          0         36       6618   main.o
       590          0          0          0          0       5102   mpu6050.o
        36          8        236          0       1024        792   startup_stm32f103xb.o
       188          0          0          8          4       5747   stm32f1xx_hal.o
       200          0          0          0          0       8505   stm32f1xx_hal_cortex.o
       248          0          0          0          0       8444   stm32f1xx_hal_dma.o
       574         22          0          0          0       4575   stm32f1xx_hal_gpio.o
        50          0          0          0          0        941   stm32f1xx_hal_msp.o
      1470          0         18          0          0       7677   stm32f1xx_hal_rcc.o
      1134          0          0          0          0      55164   stm32f1xx_hal_tim.o
       126          0          0          0          0      20731   stm32f1xx_hal_tim_ex.o
      2508          0          0          0          0      32336   stm32f1xx_hal_uart.o
        44          0          0          0          0       5570   stm32f1xx_it.o
         2          0         24          4          0       1627   system_stm32f1xx.o
       194          0          0          0         72       5801   tim.o
       370          0          0          0        144       5799   usart.o

    ----------------------------------------------------------------------
     19832        260       3536         68       1308     224739   Object Totals
         0          0         32          0          0          0   (incl. Generated)
       122          0          3          0          8          0   (incl. Padding)

    ----------------------------------------------------------------------

      Code (inc. data)   RO Data    RW Data    ZI Data      Debug   Library Member Name

       624         52         80          0          0        168   asin.o
       544         70        152          0          0        124   atan.o
       412         38          0          0          0        144   atan2.o
        38          6          0          0          0        272   dunder.o
        40          0          0          0          0         68   fpclassify.o
       170          0          0          0          0         96   poly.o
         0          0          8          0          0          0   qnan.o
        76          0          0          0          0         84   sqrt.o
         0          0          0          0          0          0   entry.o
         0          0          0          0          0          0   entry10a.o
         0          0          0          0          0          0   entry11a.o
         8          4          0          0          0          0   entry2.o
         4          0          0          0          0          0   entry5.o
         0          0          0          0          0          0   entry7b.o
         0          0          0          0          0          0   entry8b.o
         8          4          0          0          0          0   entry9a.o
        12          6          0          4          0         68   errno.o
        30          0          0          0          0          0   handlers.o
        36          8          0          0          0         68   init.o
         0          0          0          0          0          0   iusefp.o
        98          0          0          0          0         84   ldiv.o
        30          0          0          0          0         68   llshl.o
        36          0          0          0          0         68   llsshr.o
        32          0          0          0          0         68   llushr.o
        26          0          0          0          0         80   memcmp.o
      2258         90          0          0          0        452   printfa.o
        36          6          0          0          0         80   puts.o
         0          0          0          4          0          0   stdout.o
        44          0          0          0          0         80   uidiv.o
        98          0          0          0          0         92   uldiv.o
        48          0          0          0          0         68   cdcmple.o
        48          0          0          0          0         68   cdrcmple.o
        56          0          0          0          0         88   d2f.o
       334          0          0          0          0        148   dadd.o
       222          0          0          0          0        100   ddiv.o
       186          0          0          0          0        176   depilogue.o
        48          0          0          0          0         68   dfixul.o
        34          0          0          0          0         76   dflti.o
       228          0          0          0          0         96   dmul.o
        46          0          0          0          0         80   dscalb.o
       162          0          0          0          0        100   dsqrt.o
        38          0          0          0          0         68   f2d.o
       176          0          0          0          0        140   fadd.o
        28          0          0          0          0         68   fcmpeq.o
        28          0          0          0          0         68   fcmpgt.o
        28          0          0          0          0         68   fcmple.o
        28          0          0          0          0         68   fcmplt.o
       124          0          0          0          0         88   fdiv.o
       110          0          0          0          0        168   fepilogue.o
        50          0          0          0          0         68   ffixi.o
        18          0          0          0          0         68   fflti.o
        10          0          0          0          0         68   ffltui.o
       100          0          0          0          0         76   fmul.o

    ----------------------------------------------------------------------
      6820        284        240          8          0       4248   Library Totals
        10          0          0          0          0          0   (incl. Padding)

    ----------------------------------------------------------------------

      Code (inc. data)   RO Data    RW Data    ZI Data      Debug   Library Name

      1904        166        240          0          0        956   m_ws.l
      2756        118          0          8          0       1208   mc_w.l
      2150          0          0          0          0       2084   mf_w.l

    ----------------------------------------------------------------------
      6820        284        240          8          0       4248   Library Totals

    ----------------------------------------------------------------------

==============================================================================


      Code (inc. data)   RO Data    RW Data    ZI Data      Debug   

     26652        544       3776         76       1308     226439   Grand Totals
     26652        544       3776         76       1308     226439   ELF Image Totals
     26652        544       3776         76          0          0   ROM Totals

==============================================================================

    Total RO  Size (Code + RO Data)                30428 (  29.71kB)
    Total RW  Size (RW Data + ZI Data)              1384 (   1.35kB)
    Total ROM Size (Code + RO Data + RW Data)      30504 (  29.79kB)

==============================================================================

